Archive member included to satisfy reference by file (symbol)

c:/program files (x86)/atmel/studio/7.0/toolchain/arm/arm-gnu-toolchain/bin/../lib/gcc/arm-none-eabi/6.3.1/thumb/v6-m\libgcc.a(_udivsi3.o)
                              src/ASF/common2/services/delay/sam0/systick_counter.o (__aeabi_uidiv)
c:/program files (x86)/atmel/studio/7.0/toolchain/arm/arm-gnu-toolchain/bin/../lib/gcc/arm-none-eabi/6.3.1/thumb/v6-m\libgcc.a(_divsi3.o)
                              src/ASF/thirdparty/fatfs/fatfs-r0.09/src/ff.o (__aeabi_idiv)
c:/program files (x86)/atmel/studio/7.0/toolchain/arm/arm-gnu-toolchain/bin/../lib/gcc/arm-none-eabi/6.3.1/thumb/v6-m\libgcc.a(_dvmd_tls.o)
                              c:/program files (x86)/atmel/studio/7.0/toolchain/arm/arm-gnu-toolchain/bin/../lib/gcc/arm-none-eabi/6.3.1/thumb/v6-m\libgcc.a(_udivsi3.o) (__aeabi_idiv0)
c:/program files (x86)/atmel/studio/7.0/toolchain/arm/arm-gnu-toolchain/bin/../lib/gcc/arm-none-eabi/6.3.1/thumb/v6-m\libgcc.a(_muldi3.o)
                              src/ASF/sam0/drivers/sercom/sercom.o (__aeabi_lmul)
c:/program files (x86)/atmel/studio/7.0/toolchain/arm/arm-gnu-toolchain/bin/../lib/gcc/arm-none-eabi/6.3.1/thumb/v6-m\libgcc.a(adddf3.o)
                              src/ASF/sam0/drivers/sercom/i2c/i2c_sam0/i2c_master.o (__aeabi_dadd)
c:/program files (x86)/atmel/studio/7.0/toolchain/arm/arm-gnu-toolchain/bin/../lib/gcc/arm-none-eabi/6.3.1/thumb/v6-m\libgcc.a(divdf3.o)
                              src/ASF/sam0/drivers/sercom/i2c/i2c_sam0/i2c_master.o (__aeabi_ddiv)
c:/program files (x86)/atmel/studio/7.0/toolchain/arm/arm-gnu-toolchain/bin/../lib/gcc/arm-none-eabi/6.3.1/thumb/v6-m\libgcc.a(muldf3.o)
                              src/ASF/sam0/drivers/sercom/i2c/i2c_sam0/i2c_master.o (__aeabi_dmul)
c:/program files (x86)/atmel/studio/7.0/toolchain/arm/arm-gnu-toolchain/bin/../lib/gcc/arm-none-eabi/6.3.1/thumb/v6-m\libgcc.a(subdf3.o)
                              src/ASF/sam0/drivers/sercom/i2c/i2c_sam0/i2c_master.o (__aeabi_dsub)
c:/program files (x86)/atmel/studio/7.0/toolchain/arm/arm-gnu-toolchain/bin/../lib/gcc/arm-none-eabi/6.3.1/thumb/v6-m\libgcc.a(fixdfsi.o)
                              src/ASF/sam0/drivers/sercom/i2c/i2c_sam0/i2c_master.o (__aeabi_d2iz)
c:/program files (x86)/atmel/studio/7.0/toolchain/arm/arm-gnu-toolchain/bin/../lib/gcc/arm-none-eabi/6.3.1/thumb/v6-m\libgcc.a(floatunsidf.o)
                              src/ASF/sam0/drivers/sercom/i2c/i2c_sam0/i2c_master.o (__aeabi_ui2d)
c:/program files (x86)/atmel/studio/7.0/toolchain/arm/arm-gnu-toolchain/bin/../lib/gcc/arm-none-eabi/6.3.1/thumb/v6-m\libgcc.a(_clzsi2.o)
                              c:/program files (x86)/atmel/studio/7.0/toolchain/arm/arm-gnu-toolchain/bin/../lib/gcc/arm-none-eabi/6.3.1/thumb/v6-m\libgcc.a(adddf3.o) (__clzsi2)
c:/program files (x86)/atmel/studio/7.0/toolchain/arm/arm-gnu-toolchain/bin/../lib/gcc/arm-none-eabi/6.3.1/../../../../arm-none-eabi/lib/thumb/v6-m\libc_nano.a(lib_a-exit.o)
                              c:/program files (x86)/atmel/studio/7.0/toolchain/arm/arm-gnu-toolchain/bin/../lib/gcc/arm-none-eabi/6.3.1/../../../../arm-none-eabi/lib/thumb/v6-m/crt0.o (exit)
c:/program files (x86)/atmel/studio/7.0/toolchain/arm/arm-gnu-toolchain/bin/../lib/gcc/arm-none-eabi/6.3.1/../../../../arm-none-eabi/lib/thumb/v6-m\libc_nano.a(lib_a-impure.o)
                              c:/program files (x86)/atmel/studio/7.0/toolchain/arm/arm-gnu-toolchain/bin/../lib/gcc/arm-none-eabi/6.3.1/../../../../arm-none-eabi/lib/thumb/v6-m\libc_nano.a(lib_a-exit.o) (_global_impure_ptr)
c:/program files (x86)/atmel/studio/7.0/toolchain/arm/arm-gnu-toolchain/bin/../lib/gcc/arm-none-eabi/6.3.1/../../../../arm-none-eabi/lib/thumb/v6-m\libc_nano.a(lib_a-init.o)
                              c:/program files (x86)/atmel/studio/7.0/toolchain/arm/arm-gnu-toolchain/bin/../lib/gcc/arm-none-eabi/6.3.1/../../../../arm-none-eabi/lib/thumb/v6-m/crt0.o (__libc_init_array)
c:/program files (x86)/atmel/studio/7.0/toolchain/arm/arm-gnu-toolchain/bin/../lib/gcc/arm-none-eabi/6.3.1/../../../../arm-none-eabi/lib/thumb/v6-m\libc_nano.a(lib_a-malloc.o)
                              src/SerialConsole/circular_buffer.o (malloc)
c:/program files (x86)/atmel/studio/7.0/toolchain/arm/arm-gnu-toolchain/bin/../lib/gcc/arm-none-eabi/6.3.1/../../../../arm-none-eabi/lib/thumb/v6-m\libc_nano.a(lib_a-memcpy-stub.o)
                              src/ASF/thirdparty/fatfs/fatfs-port-r0.09/diskio.o (memcpy)
c:/program files (x86)/atmel/studio/7.0/toolchain/arm/arm-gnu-toolchain/bin/../lib/gcc/arm-none-eabi/6.3.1/../../../../arm-none-eabi/lib/thumb/v6-m\libc_nano.a(lib_a-memset.o)
                              c:/program files (x86)/atmel/studio/7.0/toolchain/arm/arm-gnu-toolchain/bin/../lib/gcc/arm-none-eabi/6.3.1/../../../../arm-none-eabi/lib/thumb/v6-m/crt0.o (memset)
[...]
Memory Configuration

Name             Origin             Length             Attributes
rom              0x00000000         0x00040000         xr
ram              0x20000000         0x00008000         xrw
*default*        0x00000000         0xffffffff

Linker script and memory map

LOAD c:/program files (x86)/atmel/studio/7.0/toolchain/arm/arm-gnu-toolchain/bin/../lib/gcc/arm-none-eabi/6.3.1/thumb/v6-m/crti.o
LOAD c:/program files (x86)/atmel/studio/7.0/toolchain/arm/arm-gnu-toolchain/bin/../lib/gcc/arm-none-eabi/6.3.1/thumb/v6-m/crtbegin.o
LOAD c:/program files (x86)/atmel/studio/7.0/toolchain/arm/arm-gnu-toolchain/bin/../lib/gcc/arm-none-eabi/6.3.1/../../../../arm-none-eabi/lib/thumb/v6-m/crt0.o
LOAD src/ASF/common2/services/delay/sam0/systick_counter.o
LOAD src/Systick/Systick.o
LOAD src/ASF/common/services/crc32/crc32.o
LOAD src/ASF/sam0/boards/board_init.o
LOAD src/ASF/sam0/drivers/dsu/crc32/crc32.o
LOAD src/ASF/sam0/drivers/nvm/nvm.o
LOAD src/ASF/sam0/drivers/pac/pac_sam_d_r_h/pac.o
LOAD src/ASF/sam0/drivers/sercom/i2c/i2c_sam0/i2c_master.o
LOAD src/SD Card/SdCard.o
LOAD src/SerialConsole/circular_buffer.o
LOAD src/SerialConsole/SerialConsole.o
LOAD src/ASF/common2/components/memory/sd_mmc/sd_mmc.o
LOAD src/ASF/common2/components/memory/sd_mmc/sd_mmc_mem.o
LOAD src/ASF/common2/components/memory/sd_mmc/sd_mmc_spi.o
LOAD src/ASF/common/services/storage/ctrl_access/ctrl_access.o
LOAD src/ASF/common/utils/interrupt/interrupt_sam_nvic.o
LOAD src/ASF/sam0/drivers/port/port.o
LOAD src/ASF/sam0/drivers/rtc/rtc_sam_d_r_h/rtc_calendar.o
LOAD src/ASF/sam0/drivers/sercom/sercom.o
LOAD src/ASF/sam0/drivers/sercom/sercom_interrupt.o
LOAD src/ASF/sam0/drivers/sercom/spi/spi.o
LOAD src/ASF/sam0/drivers/sercom/spi/spi_interrupt.o
LOAD src/ASF/sam0/drivers/sercom/usart/usart.o
LOAD src/ASF/sam0/drivers/sercom/usart/usart_interrupt.o
LOAD src/ASF/sam0/drivers/system/clock/clock_samd21_r21_da_ha1/clock.o
LOAD src/ASF/sam0/drivers/system/clock/clock_samd21_r21_da_ha1/gclk.o
LOAD src/ASF/sam0/drivers/system/interrupt/system_interrupt.o
LOAD src/ASF/sam0/drivers/system/pinmux/pinmux.o
LOAD src/ASF/sam0/drivers/system/system.o
LOAD src/ASF/sam0/utils/cmsis/samd21/source/gcc/startup_samd21.o
LOAD src/ASF/sam0/utils/cmsis/samd21/source/system_samd21.o
LOAD src/ASF/sam0/utils/stdio/read.o
LOAD src/ASF/sam0/utils/stdio/write.o
LOAD src/ASF/sam0/utils/syscalls/gcc/syscalls.o
LOAD src/ASF/thirdparty/fatfs/fatfs-port-r0.09/diskio.o
LOAD src/ASF/thirdparty/fatfs/fatfs-port-r0.09/sam0/fattime_rtc.o
LOAD src/ASF/thirdparty/fatfs/fatfs-r0.09/src/ff.o
LOAD src/ASF/thirdparty/fatfs/fatfs-r0.09/src/option/ccsbcs.o
LOAD src/BootMain.o
START GROUP
LOAD ../src/ASF/thirdparty/CMSIS/Lib/GCC\libarm_cortexM0l_math.a
LOAD c:/program files (x86)/atmel/studio/7.0/toolchain/arm/arm-gnu-toolchain/bin/../lib/gcc/arm-none-eabi/6.3.1/../../../../arm-none-eabi/lib/thumb/v6-m\libm.a
END GROUP
                0x00002000                __stack_size__ = 0x2000
START GROUP
LOAD c:/program files (x86)/atmel/studio/7.0/toolchain/arm/arm-gnu-toolchain/bin/../lib/gcc/arm-none-eabi/6.3.1/thumb/v6-m\libgcc.a
LOAD c:/program files (x86)/atmel/studio/7.0/toolchain/arm/arm-gnu-toolchain/bin/../lib/gcc/arm-none-eabi/6.3.1/../../../../arm-none-eabi/lib/thumb/v6-m\libc_nano.a
END GROUP
START GROUP
LOAD c:/program files (x86)/atmel/studio/7.0/toolchain/arm/arm-gnu-toolchain/bin/../lib/gcc/arm-none-eabi/6.3.1/thumb/v6-m\libgcc.a
LOAD c:/program files (x86)/atmel/studio/7.0/toolchain/arm/arm-gnu-toolchain/bin/../lib/gcc/arm-none-eabi/6.3.1/../../../../arm-none-eabi/lib/thumb/v6-m\libc_nano.a
END GROUP
LOAD c:/program files (x86)/atmel/studio/7.0/toolchain/arm/arm-gnu-toolchain/bin/../lib/gcc/arm-none-eabi/6.3.1/thumb/v6-m/crtend.o
LOAD c:/program files (x86)/atmel/studio/7.0/toolchain/arm/arm-gnu-toolchain/bin/../lib/gcc/arm-none-eabi/6.3.1/thumb/v6-m/crtn.o
                0x00002000                STACK_SIZE = DEFINED (STACK_SIZE)?STACK_SIZE:DEFINED (__stack_size__)?__stack_size__:0x2000

.text           0x00000000     0xd46c
                0x00000000                . = ALIGN (0x4)
                0x00000000                _sfixed = .
 *(.vectors .vectors.*)
 .vectors       0x00000000       0xb4 src/ASF/sam0/utils/cmsis/samd21/source/gcc/startup_samd21.o
                0x00000000                exception_table
 *(.text .text.* .gnu.linkonce.t.*)
 .text          0x000000b4       0x60 c:/program files (x86)/atmel/studio/7.0/toolchain/arm/arm-gnu-toolchain/bin/../lib/gcc/arm-none-eabi/6.3.1/thumb/v6-m/crtbegin.o
 .text.delay_cycles
                0x00000114       0x34 src/ASF/common2/services/delay/sam0/systick_counter.o
 .text.delay_init
                0x00000148       0x58 src/ASF/common2/services/delay/sam0/systick_counter.o
                0x00000148                delay_init
 .text.delay_cycles_ms
                0x000001a0       0x30 src/ASF/common2/services/delay/sam0/systick_counter.o
                0x000001a0                delay_cycles_ms
 .text.GetSystick
                0x000001d0       0x14 src/Systick/Systick.o
                0x000001d0                GetSystick
 .text.SysTick_Handler
                0x000001e4       0x18 src/Systick/Systick.o
                0x000001e4                SysTick_Handler
 .text.system_pinmux_get_group_from_gpio_pin
                0x000001fc       0x60 src/ASF/sam0/boards/board_init.o
 .text.port_get_group_from_gpio_pin
                0x0000025c       0x24 src/ASF/sam0/boards/board_init.o
 .text.port_get_config_defaults
                0x00000280       0x22 src/ASF/sam0/boards/board_init.o
 *fill*         0x000002a2        0x2 
 .text.port_pin_set_output_level
                0x000002a4       0x54 src/ASF/sam0/boards/board_init.o
 .text.system_board_init
                0x000002f8       0x60 src/ASF/sam0/boards/board_init.o
                0x000002f8                board_init
                0x000002f8                system_board_init
 .text.system_interrupt_enable_global
                0x00000358       0x1c src/ASF/sam0/drivers/dsu/crc32/crc32.o
 .text.system_interrupt_disable_global
                0x00000374       0x1c src/ASF/sam0/drivers/dsu/crc32/crc32.o
 .text.dsu_crc32_cal
                0x00000390       0xb8 src/ASF/sam0/drivers/dsu/crc32/crc32.o
                0x00000390                dsu_crc32_cal
 .text.nvm_is_ready
                0x00000448       0x28 src/ASF/sam0/drivers/nvm/nvm.o
 .text.system_apb_clock_set_mask
                0x00000470       0x5c src/ASF/sam0/drivers/nvm/nvm.o
 .text.nvm_set_config
                0x000004cc       0xd8 src/ASF/sam0/drivers/nvm/nvm.o
                0x000004cc                nvm_set_config
 .text.nvm_execute_command
                0x000005a4      0x118 src/ASF/sam0/drivers/nvm/nvm.o
                0x000005a4                nvm_execute_command
 .text.nvm_write_buffer
                0x000006bc      0x14c src/ASF/sam0/drivers/nvm/nvm.o
                0x000006bc                nvm_write_buffer
 .text.nvm_erase_row
                0x00000808       0xa8 src/ASF/sam0/drivers/nvm/nvm.o
                0x00000808                nvm_erase_row
 .text.nvm_get_parameters
                0x000008b0       0xbc src/ASF/sam0/drivers/nvm/nvm.o
                0x000008b0                nvm_get_parameters
 .text.system_apb_clock_set_mask
                0x0000096c       0x5c src/ASF/sam0/drivers/pac/pac_sam_d_r_h/pac.o
 .text.system_peripheral_lock
                0x000009c8       0x98 src/ASF/sam0/drivers/pac/pac_sam_d_r_h/pac.o
                0x000009c8                system_peripheral_lock
 .text.system_peripheral_unlock
                0x00000a60       0x98 src/ASF/sam0/drivers/pac/pac_sam_d_r_h/pac.o
                0x00000a60                system_peripheral_unlock
 .text.SdCard_Initiate
                0x00000af8       0x6c src/SD Card/SdCard.o
                0x00000af8                SdCard_Initiate
 .text.advance_pointer
                0x00000b64       0x60 src/SerialConsole/circular_buffer.o
 .text.retreat_pointer
                0x00000bc4       0x34 src/SerialConsole/circular_buffer.o
 .text.circular_buf_init
                0x00000bf8       0x3c src/SerialConsole/circular_buffer.o
                0x00000bf8                circular_buf_init
 .text.circular_buf_reset
                0x00000c34       0x22 src/SerialConsole/circular_buffer.o
                0x00000c34                circular_buf_reset
 *fill*         0x00000c56        0x2 
 .text.circular_buf_put
                0x00000c58       0x34 src/SerialConsole/circular_buffer.o
                0x00000c58                circular_buf_put
 .text.circular_buf_get
                0x00000c8c       0x54 src/SerialConsole/circular_buffer.o
                0x00000c8c                circular_buf_get
 .text.circular_buf_empty
                0x00000ce0       0x38 src/SerialConsole/circular_buffer.o
                0x00000ce0                circular_buf_empty
 .text.system_interrupt_enable
                0x00000d18       0x2c src/SerialConsole/SerialConsole.o
 .text.system_interrupt_disable
                0x00000d44       0x30 src/SerialConsole/SerialConsole.o
 .text.usart_is_syncing
                0x00000d74       0x20 src/SerialConsole/SerialConsole.o
 .text._usart_wait_for_sync
                0x00000d94       0x24 src/SerialConsole/SerialConsole.o
 .text.usart_get_config_defaults
                0x00000db8       0xbe src/SerialConsole/SerialConsole.o
 *fill*         0x00000e76        0x2 
 .text.usart_enable
                0x00000e78       0x48 src/SerialConsole/SerialConsole.o
 .text.usart_disable
                0x00000ec0       0x4c src/SerialConsole/SerialConsole.o
 .text.usart_enable_callback
                0x00000f0c       0x36 src/SerialConsole/SerialConsole.o
 *fill*         0x00000f42        0x2 
 .text.usart_serial_putchar
                0x00000f44       0x34 src/SerialConsole/SerialConsole.o
 .text.usart_serial_getchar
                0x00000f78       0x40 src/SerialConsole/SerialConsole.o
 .text.stdio_serial_init
                0x00000fb8       0x60 src/SerialConsole/SerialConsole.o
 .text.InitializeSerialConsole
                0x00001018       0x70 src/SerialConsole/SerialConsole.o
                0x00001018                InitializeSerialConsole
 .text.DeinitializeSerialConsole
                0x00001088       0x1c src/SerialConsole/SerialConsole.o
                0x00001088                DeinitializeSerialConsole
 .text.SerialConsoleWriteString
                0x000010a4       0x8c src/SerialConsole/SerialConsole.o
                0x000010a4                SerialConsoleWriteString
 .text.LogMessage
                0x00001130       0x1c src/SerialConsole/SerialConsole.o
                0x00001130                LogMessage
 .text.configure_usart
                0x0000114c       0x88 src/SerialConsole/SerialConsole.o
 .text.configure_usart_callbacks
                0x000011d4       0x4c src/SerialConsole/SerialConsole.o
 .text.usart_read_callback
                0x00001220       0x10 src/SerialConsole/SerialConsole.o
                0x00001220                usart_read_callback
 .text.usart_write_callback
                0x00001230       0x44 src/SerialConsole/SerialConsole.o
                0x00001230                usart_write_callback
 .text.SDMMC_UNSTUFF_BITS
                0x00001274      0x15c src/ASF/common2/components/memory/sd_mmc/sd_mmc.o
 .text.mmc_spi_op_cond
                0x000013d0       0xac src/ASF/common2/components/memory/sd_mmc/sd_mmc.o
 .text.sd_spi_op_cond
                0x0000147c       0xe4 src/ASF/common2/components/memory/sd_mmc/sd_mmc.o
 .text.sdio_op_cond
                0x00001560        0xc src/ASF/common2/components/memory/sd_mmc/sd_mmc.o
 .text.sd_cmd8  0x0000156c       0x70 src/ASF/common2/components/memory/sd_mmc/sd_mmc.o
 .text.mmc_cmd8
                0x000015dc      0x12c src/ASF/common2/components/memory/sd_mmc/sd_mmc.o
 .text.sd_mmc_cmd9_spi
                0x00001708       0x70 src/ASF/common2/components/memory/sd_mmc/sd_mmc.o
 .text.mmc_decode_csd
                0x00001778      0x130 src/ASF/common2/components/memory/sd_mmc/sd_mmc.o
 .text.sd_decode_csd
                0x000018a8       0xec src/ASF/common2/components/memory/sd_mmc/sd_mmc.o
 .text.sd_mmc_cmd13
                0x00001994       0x5c src/ASF/common2/components/memory/sd_mmc/sd_mmc.o
 .text.sd_acmd51
                0x000019f0      0x108 src/ASF/common2/components/memory/sd_mmc/sd_mmc.o
 .text.sd_mmc_select_slot
                0x00001af8       0xc4 src/ASF/common2/components/memory/sd_mmc/sd_mmc.o
 .text.sd_mmc_configure_slot
                0x00001bbc       0x38 src/ASF/common2/components/memory/sd_mmc/sd_mmc.o
 .text.sd_mmc_deselect_slot
                0x00001bf4       0x24 src/ASF/common2/components/memory/sd_mmc/sd_mmc.o
 .text.sd_mmc_spi_card_init
                0x00001c18      0x1ac src/ASF/common2/components/memory/sd_mmc/sd_mmc.o
 .text.sd_mmc_spi_install_mmc
                0x00001dc4      0x100 src/ASF/common2/components/memory/sd_mmc/sd_mmc.o
 .text.sd_mmc_init
                0x00001ec4       0x50 src/ASF/common2/components/memory/sd_mmc/sd_mmc.o
                0x00001ec4                sd_mmc_init
 .text.sd_mmc_check
                0x00001f14       0x74 src/ASF/common2/components/memory/sd_mmc/sd_mmc.o
                0x00001f14                sd_mmc_check
 .text.sd_mmc_get_type
                0x00001f88       0x3c src/ASF/common2/components/memory/sd_mmc/sd_mmc.o
                0x00001f88                sd_mmc_get_type
 .text.sd_mmc_get_capacity
                0x00001fc4       0x3c src/ASF/common2/components/memory/sd_mmc/sd_mmc.o
                0x00001fc4                sd_mmc_get_capacity
 .text.sd_mmc_is_write_protected
                0x00002000       0x16 src/ASF/common2/components/memory/sd_mmc/sd_mmc.o
                0x00002000                sd_mmc_is_write_protected
 *fill*         0x00002016        0x2 
 .text.sd_mmc_init_read_blocks
                0x00002018       0xec src/ASF/common2/components/memory/sd_mmc/sd_mmc.o
                0x00002018                sd_mmc_init_read_blocks
 .text.sd_mmc_start_read_blocks
                0x00002104       0x58 src/ASF/common2/components/memory/sd_mmc/sd_mmc.o
                0x00002104                sd_mmc_start_read_blocks
 .text.sd_mmc_wait_end_of_read_blocks
                0x0000215c       0x98 src/ASF/common2/components/memory/sd_mmc/sd_mmc.o
                0x0000215c                sd_mmc_wait_end_of_read_blocks
 .text.sd_mmc_init_write_blocks
                0x000021f4       0xe8 src/ASF/common2/components/memory/sd_mmc/sd_mmc.o
                0x000021f4                sd_mmc_init_write_blocks
 .text.sd_mmc_start_write_blocks
                0x000022dc       0x58 src/ASF/common2/components/memory/sd_mmc/sd_mmc.o
                0x000022dc                sd_mmc_start_write_blocks
 .text.sd_mmc_wait_end_of_write_blocks
                0x00002334       0x6c src/ASF/common2/components/memory/sd_mmc/sd_mmc.o
                0x00002334                sd_mmc_wait_end_of_write_blocks
 .text.sd_mmc_test_unit_ready
                0x000023a0       0x78 src/ASF/common2/components/memory/sd_mmc/sd_mmc_mem.o
                0x000023a0                sd_mmc_test_unit_ready
 .text.sd_mmc_test_unit_ready_0
                0x00002418       0x18 src/ASF/common2/components/memory/sd_mmc/sd_mmc_mem.o
                0x00002418                sd_mmc_test_unit_ready_0
 .text.sd_mmc_read_capacity
                0x00002430       0x40 src/ASF/common2/components/memory/sd_mmc/sd_mmc_mem.o
                0x00002430                sd_mmc_read_capacity
 .text.sd_mmc_read_capacity_0
                0x00002470       0x20 src/ASF/common2/components/memory/sd_mmc/sd_mmc_mem.o
                0x00002470                sd_mmc_read_capacity_0
 .text.sd_mmc_unload
                0x00002490       0x2c src/ASF/common2/components/memory/sd_mmc/sd_mmc_mem.o
                0x00002490                sd_mmc_unload
 .text.sd_mmc_unload_0
                0x000024bc       0x28 src/ASF/common2/components/memory/sd_mmc/sd_mmc_mem.o
                0x000024bc                sd_mmc_unload_0
 .text.sd_mmc_wr_protect
                0x000024e4       0x24 src/ASF/common2/components/memory/sd_mmc/sd_mmc_mem.o
                0x000024e4                sd_mmc_wr_protect
 .text.sd_mmc_wr_protect_0
                0x00002508       0x18 src/ASF/common2/components/memory/sd_mmc/sd_mmc_mem.o
                0x00002508                sd_mmc_wr_protect_0
 .text.sd_mmc_removal
                0x00002520       0x16 src/ASF/common2/components/memory/sd_mmc/sd_mmc_mem.o
                0x00002520                sd_mmc_removal
 *fill*         0x00002536        0x2 
 .text.sd_mmc_removal_0
                0x00002538       0x18 src/ASF/common2/components/memory/sd_mmc/sd_mmc_mem.o
                0x00002538                sd_mmc_removal_0
 .text.sd_mmc_mem_2_ram
                0x00002550       0x6c src/ASF/common2/components/memory/sd_mmc/sd_mmc_mem.o
                0x00002550                sd_mmc_mem_2_ram
 .text.sd_mmc_mem_2_ram_0
                0x000025bc       0x24 src/ASF/common2/components/memory/sd_mmc/sd_mmc_mem.o
                0x000025bc                sd_mmc_mem_2_ram_0
 .text.sd_mmc_ram_2_mem
                0x000025e0       0x6c src/ASF/common2/components/memory/sd_mmc/sd_mmc_mem.o
                0x000025e0                sd_mmc_ram_2_mem
 .text.sd_mmc_ram_2_mem_0
                0x0000264c       0x24 src/ASF/common2/components/memory/sd_mmc/sd_mmc_mem.o
                0x0000264c                sd_mmc_ram_2_mem_0
 .text.system_pinmux_get_group_from_gpio_pin
                0x00002670       0x60 src/ASF/common2/components/memory/sd_mmc/sd_mmc_spi.o
 .text.port_get_group_from_gpio_pin
                0x000026d0       0x24 src/ASF/common2/components/memory/sd_mmc/sd_mmc_spi.o
 .text.port_get_config_defaults
                0x000026f4       0x22 src/ASF/common2/components/memory/sd_mmc/sd_mmc_spi.o
 *fill*         0x00002716        0x2 
 .text.port_pin_set_output_level
                0x00002718       0x54 src/ASF/common2/components/memory/sd_mmc/sd_mmc_spi.o
 .text.system_interrupt_enable
                0x0000276c       0x2c src/ASF/common2/components/memory/sd_mmc/sd_mmc_spi.o
 .text.spi_is_syncing
                0x00002798       0x20 src/ASF/common2/components/memory/sd_mmc/sd_mmc_spi.o
 .text.spi_get_config_defaults
                0x000027b8       0x84 src/ASF/common2/components/memory/sd_mmc/sd_mmc_spi.o
 .text.spi_slave_inst_get_config_defaults
                0x0000283c       0x22 src/ASF/common2/components/memory/sd_mmc/sd_mmc_spi.o
 *fill*         0x0000285e        0x2 
 .text.spi_attach_slave
                0x00002860       0x64 src/ASF/common2/components/memory/sd_mmc/sd_mmc_spi.o
 .text.spi_enable
                0x000028c4       0x50 src/ASF/common2/components/memory/sd_mmc/sd_mmc_spi.o
 .text.sd_mmc_spi_crc7
                0x00002914       0xbc src/ASF/common2/components/memory/sd_mmc/sd_mmc_spi.o
 .text.sd_mmc_spi_wait_busy
                0x000029d0       0x6c src/ASF/common2/components/memory/sd_mmc/sd_mmc_spi.o
 .text.sd_mmc_spi_start_read_block
                0x00002a3c       0x84 src/ASF/common2/components/memory/sd_mmc/sd_mmc_spi.o
 .text.sd_mmc_spi_stop_read_block
                0x00002ac0       0x2c src/ASF/common2/components/memory/sd_mmc/sd_mmc_spi.o
 .text.sd_mmc_spi_start_write_block
                0x00002aec       0x50 src/ASF/common2/components/memory/sd_mmc/sd_mmc_spi.o
 .text.sd_mmc_spi_stop_write_block
                0x00002b3c       0x94 src/ASF/common2/components/memory/sd_mmc/sd_mmc_spi.o
 .text.sd_mmc_spi_stop_multiwrite_block
                0x00002bd0       0x9c src/ASF/common2/components/memory/sd_mmc/sd_mmc_spi.o
 .text.sd_mmc_deinit
                0x00002c6c       0x1c src/ASF/common2/components/memory/sd_mmc/sd_mmc_spi.o
                0x00002c6c                sd_mmc_deinit
 .text.sd_mmc_spi_init
                0x00002c88       0xc8 src/ASF/common2/components/memory/sd_mmc/sd_mmc_spi.o
                0x00002c88                sd_mmc_spi_init
 .text.sd_mmc_spi_select_device
                0x00002d50       0x88 src/ASF/common2/components/memory/sd_mmc/sd_mmc_spi.o
                0x00002d50                sd_mmc_spi_select_device
 .text.sd_mmc_spi_deselect_device
                0x00002dd8       0x44 src/ASF/common2/components/memory/sd_mmc/sd_mmc_spi.o
                0x00002dd8                sd_mmc_spi_deselect_device
 .text.sd_mmc_spi_send_clock
                0x00002e1c       0x4c src/ASF/common2/components/memory/sd_mmc/sd_mmc_spi.o
                0x00002e1c                sd_mmc_spi_send_clock
 .text.sd_mmc_spi_send_cmd
                0x00002e68       0x28 src/ASF/common2/components/memory/sd_mmc/sd_mmc_spi.o
                0x00002e68                sd_mmc_spi_send_cmd
 .text.sd_mmc_spi_adtc_start
                0x00002e90      0x218 src/ASF/common2/components/memory/sd_mmc/sd_mmc_spi.o
                0x00002e90                sd_mmc_spi_adtc_start
 .text.sd_mmc_spi_get_response
                0x000030a8       0x14 src/ASF/common2/components/memory/sd_mmc/sd_mmc_spi.o
                0x000030a8                sd_mmc_spi_get_response
 .text.sd_mmc_spi_read_word
                0x000030bc       0xa4 src/ASF/common2/components/memory/sd_mmc/sd_mmc_spi.o
                0x000030bc                sd_mmc_spi_read_word
 .text.sd_mmc_spi_start_read_blocks
                0x00003160       0xa4 src/ASF/common2/components/memory/sd_mmc/sd_mmc_spi.o
                0x00003160                sd_mmc_spi_start_read_blocks
 .text.sd_mmc_spi_wait_end_of_read_blocks
                0x00003204        0xc src/ASF/common2/components/memory/sd_mmc/sd_mmc_spi.o
                0x00003204                sd_mmc_spi_wait_end_of_read_blocks
 .text.sd_mmc_spi_start_write_blocks
                0x00003210       0xc0 src/ASF/common2/components/memory/sd_mmc/sd_mmc_spi.o
                0x00003210                sd_mmc_spi_start_write_blocks
 .text.sd_mmc_spi_wait_end_of_write_blocks
                0x000032d0       0x38 src/ASF/common2/components/memory/sd_mmc/sd_mmc_spi.o
                0x000032d0                sd_mmc_spi_wait_end_of_write_blocks
 .text.mem_test_unit_ready
                0x00003308       0x40 src/ASF/common/services/storage/ctrl_access/ctrl_access.o
                0x00003308                mem_test_unit_ready
 .text.mem_read_capacity
                0x00003348       0x4c src/ASF/common/services/storage/ctrl_access/ctrl_access.o
                0x00003348                mem_read_capacity
 .text.mem_sector_size
                0x00003394       0x2a src/ASF/common/services/storage/ctrl_access/ctrl_access.o
                0x00003394                mem_sector_size
 *fill*         0x000033be        0x2 
 .text.mem_wr_protect
                0x000033c0       0x48 src/ASF/common/services/storage/ctrl_access/ctrl_access.o
                0x000033c0                mem_wr_protect
 .text.memory_2_ram
                0x00003408       0x54 src/ASF/common/services/storage/ctrl_access/ctrl_access.o
                0x00003408                memory_2_ram
 .text.ram_2_memory
                0x0000345c       0x54 src/ASF/common/services/storage/ctrl_access/ctrl_access.o
                0x0000345c                ram_2_memory
 .text.cpu_irq_enter_critical
                0x000034b0       0x54 src/ASF/common/utils/interrupt/interrupt_sam_nvic.o
                0x000034b0                cpu_irq_enter_critical
 .text.cpu_irq_leave_critical
                0x00003504       0x40 src/ASF/common/utils/interrupt/interrupt_sam_nvic.o
                0x00003504                cpu_irq_leave_critical
 .text.system_pinmux_get_config_defaults
                0x00003544       0x28 src/ASF/sam0/drivers/port/port.o
 .text.port_pin_set_config
                0x0000356c       0x60 src/ASF/sam0/drivers/port/port.o
                0x0000356c                port_pin_set_config
 .text.system_gclk_chan_get_config_defaults
                0x000035cc       0x16 src/ASF/sam0/drivers/rtc/rtc_sam_d_r_h/rtc_calendar.o
 *fill*         0x000035e2        0x2 
 .text.system_apb_clock_set_mask
                0x000035e4       0x5c src/ASF/sam0/drivers/rtc/rtc_sam_d_r_h/rtc_calendar.o
 .text.rtc_calendar_is_syncing
                0x00003640       0x28 src/ASF/sam0/drivers/rtc/rtc_sam_d_r_h/rtc_calendar.o
 .text.rtc_calendar_enable
                0x00003668       0x38 src/ASF/sam0/drivers/rtc/rtc_sam_d_r_h/rtc_calendar.o
                0x00003668                rtc_calendar_enable
 .text.rtc_calendar_disable
                0x000036a0       0x44 src/ASF/sam0/drivers/rtc/rtc_sam_d_r_h/rtc_calendar.o
                0x000036a0                rtc_calendar_disable
 .text.rtc_calendar_reset
                0x000036e4       0x44 src/ASF/sam0/drivers/rtc/rtc_sam_d_r_h/rtc_calendar.o
                0x000036e4                rtc_calendar_reset
 .text.rtc_calendar_time_to_register_value
                0x00003728       0x88 src/ASF/sam0/drivers/rtc/rtc_sam_d_r_h/rtc_calendar.o
                0x00003728                rtc_calendar_time_to_register_value
 .text.rtc_calendar_register_value_to_time
                0x000037b0       0xa0 src/ASF/sam0/drivers/rtc/rtc_sam_d_r_h/rtc_calendar.o
                0x000037b0                rtc_calendar_register_value_to_time
 .text._rtc_calendar_set_config
                0x00003850       0xc8 src/ASF/sam0/drivers/rtc/rtc_sam_d_r_h/rtc_calendar.o
 .text.rtc_calendar_init
                0x00003918       0x94 src/ASF/sam0/drivers/rtc/rtc_sam_d_r_h/rtc_calendar.o
                0x00003918                rtc_calendar_init
 .text.rtc_calendar_get_time
                0x000039ac       0x8c src/ASF/sam0/drivers/rtc/rtc_sam_d_r_h/rtc_calendar.o
                0x000039ac                rtc_calendar_get_time
 .text.rtc_calendar_set_alarm
                0x00003a38       0x74 src/ASF/sam0/drivers/rtc/rtc_sam_d_r_h/rtc_calendar.o
                0x00003a38                rtc_calendar_set_alarm
 .text.system_gclk_chan_get_config_defaults
                0x00003aac       0x16 src/ASF/sam0/drivers/sercom/sercom.o
 .text.long_division
                0x00003ac2       0xe0 src/ASF/sam0/drivers/sercom/sercom.o
 .text._sercom_get_sync_baud_val
                0x00003ba2       0x7c src/ASF/sam0/drivers/sercom/sercom.o
                0x00003ba2                _sercom_get_sync_baud_val
 *fill*         0x00003c1e        0x2 
 .text._sercom_get_async_baud_val
                0x00003c20      0x1c0 src/ASF/sam0/drivers/sercom/sercom.o
                0x00003c20                _sercom_get_async_baud_val
 .text.sercom_set_gclk_generator
                0x00003de0       0x8c src/ASF/sam0/drivers/sercom/sercom.o
                0x00003de0                sercom_set_gclk_generator
 .text._sercom_get_default_pad
                0x00003e6c      0x1bc src/ASF/sam0/drivers/sercom/sercom.o
                0x00003e6c                _sercom_get_default_pad
 .text._sercom_get_sercom_inst_index
                0x00004028       0x50 src/ASF/sam0/drivers/sercom/sercom.o
                0x00004028                _sercom_get_sercom_inst_index
 .text._sercom_default_handler
                0x00004078       0x14 src/ASF/sam0/drivers/sercom/sercom_interrupt.o
 .text._sercom_set_handler
                0x0000408c       0x6c src/ASF/sam0/drivers/sercom/sercom_interrupt.o
                0x0000408c                _sercom_set_handler
 .text._sercom_get_interrupt_vector
                0x000040f8       0x44 src/ASF/sam0/drivers/sercom/sercom_interrupt.o
                0x000040f8                _sercom_get_interrupt_vector
 .text.SERCOM0_Handler
                0x0000413c       0x18 src/ASF/sam0/drivers/sercom/sercom_interrupt.o
                0x0000413c                SERCOM0_Handler
 .text.SERCOM1_Handler
                0x00004154       0x18 src/ASF/sam0/drivers/sercom/sercom_interrupt.o
                0x00004154                SERCOM1_Handler
 .text.SERCOM2_Handler
                0x0000416c       0x18 src/ASF/sam0/drivers/sercom/sercom_interrupt.o
                0x0000416c                SERCOM2_Handler
 .text.SERCOM3_Handler
                0x00004184       0x18 src/ASF/sam0/drivers/sercom/sercom_interrupt.o
                0x00004184                SERCOM3_Handler
 .text.SERCOM4_Handler
                0x0000419c       0x18 src/ASF/sam0/drivers/sercom/sercom_interrupt.o
                0x0000419c                SERCOM4_Handler
 .text.SERCOM5_Handler
                0x000041b4       0x18 src/ASF/sam0/drivers/sercom/sercom_interrupt.o
                0x000041b4                SERCOM5_Handler
 .text.system_pinmux_get_config_defaults
                0x000041cc       0x28 src/ASF/sam0/drivers/sercom/spi/spi.o
 .text.system_pinmux_get_group_from_gpio_pin
                0x000041f4       0x60 src/ASF/sam0/drivers/sercom/spi/spi.o
 .text.port_get_group_from_gpio_pin
                0x00004254       0x24 src/ASF/sam0/drivers/sercom/spi/spi.o
 .text.port_pin_set_output_level
                0x00004278       0x54 src/ASF/sam0/drivers/sercom/spi/spi.o
 .text.system_gclk_chan_get_config_defaults
                0x000042cc       0x16 src/ASF/sam0/drivers/sercom/spi/spi.o
 *fill*         0x000042e2        0x2 
 .text.system_apb_clock_set_mask
                0x000042e4       0x5c src/ASF/sam0/drivers/sercom/spi/spi.o
 .text.system_is_debugger_present
                0x00004340       0x20 src/ASF/sam0/drivers/sercom/spi/spi.o
 .text.system_interrupt_enable
                0x00004360       0x2c src/ASF/sam0/drivers/sercom/spi/spi.o
 .text.system_interrupt_disable
                0x0000438c       0x30 src/ASF/sam0/drivers/sercom/spi/spi.o
 .text.spi_is_syncing
                0x000043bc       0x20 src/ASF/sam0/drivers/sercom/spi/spi.o
 .text.spi_enable
                0x000043dc       0x50 src/ASF/sam0/drivers/sercom/spi/spi.o
 .text.spi_disable
                0x0000442c       0x5c src/ASF/sam0/drivers/sercom/spi/spi.o
 .text.spi_is_write_complete
                0x00004488       0x28 src/ASF/sam0/drivers/sercom/spi/spi.o
 .text.spi_is_ready_to_write
                0x000044b0       0x28 src/ASF/sam0/drivers/sercom/spi/spi.o
 .text.spi_is_ready_to_read
                0x000044d8       0x28 src/ASF/sam0/drivers/sercom/spi/spi.o
 .text.spi_write
                0x00004500       0x48 src/ASF/sam0/drivers/sercom/spi/spi.o
 .text.spi_read
                0x00004548       0x88 src/ASF/sam0/drivers/sercom/spi/spi.o
 .text.spi_reset
                0x000045d0       0x40 src/ASF/sam0/drivers/sercom/spi/spi.o
                0x000045d0                spi_reset
 .text.spi_set_baudrate
                0x00004610       0xc8 src/ASF/sam0/drivers/sercom/spi/spi.o
                0x00004610                spi_set_baudrate
 .text._spi_set_config
                0x000046d8      0x210 src/ASF/sam0/drivers/sercom/spi/spi.o
 .text.spi_init
                0x000048e8      0x190 src/ASF/sam0/drivers/sercom/spi/spi.o
                0x000048e8                spi_init
 .text.spi_read_buffer_wait
                0x00004a78      0x134 src/ASF/sam0/drivers/sercom/spi/spi.o
                0x00004a78                spi_read_buffer_wait
 .text.spi_select_slave
                0x00004bac       0xf0 src/ASF/sam0/drivers/sercom/spi/spi.o
                0x00004bac                spi_select_slave
 .text.spi_write_buffer_wait
                0x00004c9c      0x14c src/ASF/sam0/drivers/sercom/spi/spi.o
                0x00004c9c                spi_write_buffer_wait
 .text._spi_write
                0x00004de8       0x7a src/ASF/sam0/drivers/sercom/spi/spi_interrupt.o
 *fill*         0x00004e62        0x2 
 .text._spi_write_dummy
                0x00004e64       0x34 src/ASF/sam0/drivers/sercom/spi/spi_interrupt.o
 .text._spi_read_dummy
                0x00004e98       0x36 src/ASF/sam0/drivers/sercom/spi/spi_interrupt.o
 .text._spi_read
                0x00004ece       0x70 src/ASF/sam0/drivers/sercom/spi/spi_interrupt.o
 *fill*         0x00004f3e        0x2 
 .text._spi_interrupt_handler
                0x00004f40      0x280 src/ASF/sam0/drivers/sercom/spi/spi_interrupt.o
                0x00004f40                _spi_interrupt_handler
 .text.system_gclk_chan_get_config_defaults
                0x000051c0       0x16 src/ASF/sam0/drivers/sercom/usart/usart.o
 *fill*         0x000051d6        0x2 
 .text.system_apb_clock_set_mask
                0x000051d8       0x5c src/ASF/sam0/drivers/sercom/usart/usart.o
 .text.system_pinmux_get_config_defaults
                0x00005234       0x28 src/ASF/sam0/drivers/sercom/usart/usart.o
 .text.system_is_debugger_present
                0x0000525c       0x20 src/ASF/sam0/drivers/sercom/usart/usart.o
 .text.usart_is_syncing
                0x0000527c       0x20 src/ASF/sam0/drivers/sercom/usart/usart.o
 .text._usart_wait_for_sync
                0x0000529c       0x24 src/ASF/sam0/drivers/sercom/usart/usart.o
 .text._usart_set_config
                0x000052c0      0x2dc src/ASF/sam0/drivers/sercom/usart/usart.o
 .text.usart_init
                0x0000559c      0x274 src/ASF/sam0/drivers/sercom/usart/usart.o
                0x0000559c                usart_init
 .text.usart_write_wait
                0x00005810       0x64 src/ASF/sam0/drivers/sercom/usart/usart.o
                0x00005810                usart_write_wait
 .text.usart_read_wait
                0x00005874       0xec src/ASF/sam0/drivers/sercom/usart/usart.o
                0x00005874                usart_read_wait
 .text.system_interrupt_enter_critical_section
                0x00005960       0x14 src/ASF/sam0/drivers/sercom/usart/usart_interrupt.o
 .text.system_interrupt_leave_critical_section
                0x00005974       0x14 src/ASF/sam0/drivers/sercom/usart/usart_interrupt.o
 .text.usart_is_syncing
                0x00005988       0x20 src/ASF/sam0/drivers/sercom/usart/usart_interrupt.o
 .text._usart_wait_for_sync
                0x000059a8       0x24 src/ASF/sam0/drivers/sercom/usart/usart_interrupt.o
 .text._usart_write_buffer
                0x000059cc       0x5c src/ASF/sam0/drivers/sercom/usart/usart_interrupt.o
                0x000059cc                _usart_write_buffer
 .text._usart_read_buffer
                0x00005a28       0x78 src/ASF/sam0/drivers/sercom/usart/usart_interrupt.o
                0x00005a28                _usart_read_buffer
 .text.usart_register_callback
                0x00005aa0       0x48 src/ASF/sam0/drivers/sercom/usart/usart_interrupt.o
                0x00005aa0                usart_register_callback
 .text.usart_write_buffer_job
                0x00005ae8       0x48 src/ASF/sam0/drivers/sercom/usart/usart_interrupt.o
                0x00005ae8                usart_write_buffer_job
 .text.usart_read_buffer_job
                0x00005b30       0x48 src/ASF/sam0/drivers/sercom/usart/usart_interrupt.o
                0x00005b30                usart_read_buffer_job
 .text.usart_get_job_status
                0x00005b78       0x50 src/ASF/sam0/drivers/sercom/usart/usart_interrupt.o
                0x00005b78                usart_get_job_status
 .text._usart_interrupt_handler
                0x00005bc8      0x340 src/ASF/sam0/drivers/sercom/usart/usart_interrupt.o
                0x00005bc8                _usart_interrupt_handler
 .text.system_gclk_gen_get_config_defaults
                0x00005f08       0x2e src/ASF/sam0/drivers/system/clock/clock_samd21_r21_da_ha1/clock.o
 .text.system_gclk_chan_get_config_defaults
                0x00005f36       0x16 src/ASF/sam0/drivers/system/clock/clock_samd21_r21_da_ha1/clock.o
 .text.system_clock_source_xosc32k_get_config_defaults
                0x00005f4c       0x48 src/ASF/sam0/drivers/system/clock/clock_samd21_r21_da_ha1/clock.o
 .text.system_clock_source_osc8m_get_config_defaults
                0x00005f94       0x22 src/ASF/sam0/drivers/system/clock/clock_samd21_r21_da_ha1/clock.o
 .text.system_clock_source_dfll_get_config_defaults
                0x00005fb6       0x52 src/ASF/sam0/drivers/system/clock/clock_samd21_r21_da_ha1/clock.o
 .text.system_cpu_clock_set_divider
                0x00006008       0x20 src/ASF/sam0/drivers/system/clock/clock_samd21_r21_da_ha1/clock.o
 .text.system_apb_clock_set_divider
                0x00006028       0x54 src/ASF/sam0/drivers/system/clock/clock_samd21_r21_da_ha1/clock.o
 .text.system_flash_set_waitstates
                0x0000607c       0x34 src/ASF/sam0/drivers/system/clock/clock_samd21_r21_da_ha1/clock.o
 .text._system_dfll_wait_for_sync
                0x000060b0       0x1c src/ASF/sam0/drivers/system/clock/clock_samd21_r21_da_ha1/clock.o
 .text._system_clock_source_dfll_set_config_errata_9905
                0x000060cc       0x44 src/ASF/sam0/drivers/system/clock/clock_samd21_r21_da_ha1/clock.o
 .text.system_clock_source_get_hz
                0x00006110       0xc0 src/ASF/sam0/drivers/system/clock/clock_samd21_r21_da_ha1/clock.o
                0x00006110                system_clock_source_get_hz
 .text.system_clock_source_osc8m_set_config
                0x000061d0       0x78 src/ASF/sam0/drivers/system/clock/clock_samd21_r21_da_ha1/clock.o
                0x000061d0                system_clock_source_osc8m_set_config
 .text.system_clock_source_xosc32k_set_config
                0x00006248      0x120 src/ASF/sam0/drivers/system/clock/clock_samd21_r21_da_ha1/clock.o
                0x00006248                system_clock_source_xosc32k_set_config
 .text.system_clock_source_dfll_set_config
                0x00006368       0xd0 src/ASF/sam0/drivers/system/clock/clock_samd21_r21_da_ha1/clock.o
                0x00006368                system_clock_source_dfll_set_config
 .text.system_clock_source_enable
                0x00006438       0xac src/ASF/sam0/drivers/system/clock/clock_samd21_r21_da_ha1/clock.o
                0x00006438                system_clock_source_enable
 .text.system_clock_source_is_ready
                0x000064e4       0x84 src/ASF/sam0/drivers/system/clock/clock_samd21_r21_da_ha1/clock.o
                0x000064e4                system_clock_source_is_ready
 .text._switch_peripheral_gclk
                0x00006568       0x38 src/ASF/sam0/drivers/system/clock/clock_samd21_r21_da_ha1/clock.o
 .text.system_clock_init
                0x000065a0      0x270 src/ASF/sam0/drivers/system/clock/clock_samd21_r21_da_ha1/clock.o
                0x000065a0                system_clock_init
 .text.system_apb_clock_set_mask
                0x00006810       0x5c src/ASF/sam0/drivers/system/clock/clock_samd21_r21_da_ha1/gclk.o
 .text.system_interrupt_enter_critical_section
                0x0000686c       0x14 src/ASF/sam0/drivers/system/clock/clock_samd21_r21_da_ha1/gclk.o
 .text.system_interrupt_leave_critical_section
                0x00006880       0x14 src/ASF/sam0/drivers/system/clock/clock_samd21_r21_da_ha1/gclk.o
 .text.system_gclk_is_syncing
                0x00006894       0x20 src/ASF/sam0/drivers/system/clock/clock_samd21_r21_da_ha1/gclk.o
 .text.system_gclk_init
                0x000068b4       0x30 src/ASF/sam0/drivers/system/clock/clock_samd21_r21_da_ha1/gclk.o
                0x000068b4                system_gclk_init
 .text.system_gclk_gen_set_config
                0x000068e4      0x124 src/ASF/sam0/drivers/system/clock/clock_samd21_r21_da_ha1/gclk.o
                0x000068e4                system_gclk_gen_set_config
 .text.system_gclk_gen_enable
                0x00006a08       0x5c src/ASF/sam0/drivers/system/clock/clock_samd21_r21_da_ha1/gclk.o
                0x00006a08                system_gclk_gen_enable
 .text.system_gclk_gen_get_hz
                0x00006a64       0xd8 src/ASF/sam0/drivers/system/clock/clock_samd21_r21_da_ha1/gclk.o
                0x00006a64                system_gclk_gen_get_hz
 .text.system_gclk_chan_set_config
                0x00006b3c       0x44 src/ASF/sam0/drivers/system/clock/clock_samd21_r21_da_ha1/gclk.o
                0x00006b3c                system_gclk_chan_set_config
 .text.system_gclk_chan_enable
                0x00006b80       0x48 src/ASF/sam0/drivers/system/clock/clock_samd21_r21_da_ha1/gclk.o
                0x00006b80                system_gclk_chan_enable
 .text.system_gclk_chan_disable
                0x00006bc8       0x98 src/ASF/sam0/drivers/system/clock/clock_samd21_r21_da_ha1/gclk.o
                0x00006bc8                system_gclk_chan_disable
 .text.system_gclk_chan_get_hz
                0x00006c60       0x58 src/ASF/sam0/drivers/system/clock/clock_samd21_r21_da_ha1/gclk.o
                0x00006c60                system_gclk_chan_get_hz
 .text.system_pinmux_get_group_from_gpio_pin
                0x00006cb8       0x60 src/ASF/sam0/drivers/system/pinmux/pinmux.o
 .text._system_pinmux_config
                0x00006d18      0x110 src/ASF/sam0/drivers/system/pinmux/pinmux.o
 .text.system_pinmux_pin_set_config
                0x00006e28       0x48 src/ASF/sam0/drivers/system/pinmux/pinmux.o
                0x00006e28                system_pinmux_pin_set_config
 .text._system_dummy_init
                0x00006e70        0xa src/ASF/sam0/drivers/system/system.o
                0x00006e70                _system_extint_init
                0x00006e70                _system_events_init
                0x00006e70                _system_dummy_init
                0x00006e70                _system_divas_init
 *fill*         0x00006e7a        0x2 
 .text.system_init
                0x00006e7c       0x34 src/ASF/sam0/drivers/system/system.o
                0x00006e7c                system_init
 .text.Reset_Handler
                0x00006eb0       0xf8 src/ASF/sam0/utils/cmsis/samd21/source/gcc/startup_samd21.o
                0x00006eb0                Reset_Handler
 .text.Dummy_Handler
                0x00006fa8        0x6 src/ASF/sam0/utils/cmsis/samd21/source/gcc/startup_samd21.o
                0x00006fa8                DMAC_Handler
                0x00006fa8                HardFault_Handler
                0x00006fa8                AC_Handler
                0x00006fa8                PendSV_Handler
                0x00006fa8                NMI_Handler
                0x00006fa8                ADC_Handler
                0x00006fa8                TCC1_Handler
                0x00006fa8                TCC0_Handler
                0x00006fa8                RTC_Handler
                0x00006fa8                EIC_Handler
                0x00006fa8                WDT_Handler
                0x00006fa8                TC4_Handler
                0x00006fa8                USB_Handler
                0x00006fa8                TC3_Handler
                0x00006fa8                Dummy_Handler
                0x00006fa8                PM_Handler
                0x00006fa8                SVC_Handler
                0x00006fa8                TCC2_Handler
                0x00006fa8                EVSYS_Handler
                0x00006fa8                I2S_Handler
                0x00006fa8                NVMCTRL_Handler
                0x00006fa8                DAC_Handler
                0x00006fa8                PTC_Handler
                0x00006fa8                TC5_Handler
                0x00006fa8                SYSCTRL_Handler
 *fill*         0x00006fae        0x2 
 .text._read    0x00006fb0       0x54 src/ASF/sam0/utils/stdio/read.o
                0x00006fb0                _read
 .text._write   0x00007004       0x6c src/ASF/sam0/utils/stdio/write.o
                0x00007004                _write
 .text._sbrk    0x00007070       0x3c src/ASF/sam0/utils/syscalls/gcc/syscalls.o
                0x00007070                _sbrk
 .text._close   0x000070ac       0x14 src/ASF/sam0/utils/syscalls/gcc/syscalls.o
                0x000070ac                _close
 .text._fstat   0x000070c0       0x1c src/ASF/sam0/utils/syscalls/gcc/syscalls.o
                0x000070c0                _fstat
 .text._lseek   0x000070dc       0x16 src/ASF/sam0/utils/syscalls/gcc/syscalls.o
                0x000070dc                _lseek
 .text.rtc_calendar_get_time_defaults
                0x000070f2       0x3c src/ASF/thirdparty/fatfs/fatfs-port-r0.09/diskio.o
 *fill*         0x0000712e        0x2 
 .text.rtc_calendar_get_config_defaults
                0x00007130       0xa4 src/ASF/thirdparty/fatfs/fatfs-port-r0.09/diskio.o
 .text.configure_rtc_calendar
                0x000071d4       0x94 src/ASF/thirdparty/fatfs/fatfs-port-r0.09/diskio.o
 .text.disk_initialize
                0x00007268       0x84 src/ASF/thirdparty/fatfs/fatfs-port-r0.09/diskio.o
                0x00007268                disk_initialize
 .text.disk_status
                0x000072ec       0x38 src/ASF/thirdparty/fatfs/fatfs-port-r0.09/diskio.o
                0x000072ec                disk_status
 .text.disk_read
                0x00007324       0xd8 src/ASF/thirdparty/fatfs/fatfs-port-r0.09/diskio.o
                0x00007324                disk_read
 .text.disk_write
                0x000073fc       0xd8 src/ASF/thirdparty/fatfs/fatfs-port-r0.09/diskio.o
                0x000073fc                disk_write
 .text.disk_ioctl
                0x000074d4       0xf8 src/ASF/thirdparty/fatfs/fatfs-port-r0.09/diskio.o
                0x000074d4                disk_ioctl
 .text.get_fattime
                0x000075cc       0x60 src/ASF/thirdparty/fatfs/fatfs-port-r0.09/sam0/fattime_rtc.o
                0x000075cc                get_fattime
 .text.mem_cpy  0x0000762c       0x38 src/ASF/thirdparty/fatfs/fatfs-r0.09/src/ff.o
 .text.mem_set  0x00007664       0x30 src/ASF/thirdparty/fatfs/fatfs-r0.09/src/ff.o
 .text.mem_cmp  0x00007694       0x4a src/ASF/thirdparty/fatfs/fatfs-r0.09/src/ff.o
 .text.chk_chr  0x000076de       0x32 src/ASF/thirdparty/fatfs/fatfs-r0.09/src/ff.o
 .text.move_window
                0x00007710       0xc8 src/ASF/thirdparty/fatfs/fatfs-r0.09/src/ff.o
 .text.sync     0x000077d8      0x198 src/ASF/thirdparty/fatfs/fatfs-r0.09/src/ff.o
 .text.clust2sect
                0x00007970       0x38 src/ASF/thirdparty/fatfs/fatfs-r0.09/src/ff.o
 .text.get_fat  0x000079a8      0x16c src/ASF/thirdparty/fatfs/fatfs-r0.09/src/ff.o
 .text.put_fat  0x00007b14      0x23c src/ASF/thirdparty/fatfs/fatfs-r0.09/src/ff.o
 .text.remove_chain
                0x00007d50       0xc8 src/ASF/thirdparty/fatfs/fatfs-r0.09/src/ff.o
 .text.create_chain
                0x00007e18      0x13c src/ASF/thirdparty/fatfs/fatfs-r0.09/src/ff.o
 .text.dir_sdi  0x00007f54      0x130 src/ASF/thirdparty/fatfs/fatfs-r0.09/src/ff.o
 .text.dir_next
                0x00008084      0x1f0 src/ASF/thirdparty/fatfs/fatfs-r0.09/src/ff.o
 .text.cmp_lfn  0x00008274      0x104 src/ASF/thirdparty/fatfs/fatfs-r0.09/src/ff.o
 .text.pick_lfn
                0x00008378       0xe4 src/ASF/thirdparty/fatfs/fatfs-r0.09/src/ff.o
 .text.fit_lfn  0x0000845c      0x110 src/ASF/thirdparty/fatfs/fatfs-r0.09/src/ff.o
 .text.gen_numname
                0x0000856c      0x100 src/ASF/thirdparty/fatfs/fatfs-r0.09/src/ff.o
 .text.sum_sfn  0x0000866c       0x4e src/ASF/thirdparty/fatfs/fatfs-r0.09/src/ff.o
 *fill*         0x000086ba        0x2 
 .text.dir_find
                0x000086bc      0x1fc src/ASF/thirdparty/fatfs/fatfs-r0.09/src/ff.o
 .text.dir_read
                0x000088b8      0x1c4 src/ASF/thirdparty/fatfs/fatfs-r0.09/src/ff.o
 .text.dir_register
                0x00008a7c      0x368 src/ASF/thirdparty/fatfs/fatfs-r0.09/src/ff.o
 .text.dir_remove
                0x00008de4       0xd8 src/ASF/thirdparty/fatfs/fatfs-r0.09/src/ff.o
 .text.create_name
                0x00008ebc      0x448 src/ASF/thirdparty/fatfs/fatfs-r0.09/src/ff.o
 .text.follow_path
                0x00009304      0x138 src/ASF/thirdparty/fatfs/fatfs-r0.09/src/ff.o
 .text.check_fs
                0x0000943c       0xd4 src/ASF/thirdparty/fatfs/fatfs-r0.09/src/ff.o
 .text.chk_mounted
                0x00009510      0x5fc src/ASF/thirdparty/fatfs/fatfs-r0.09/src/ff.o
 .text.validate
                0x00009b0c       0x54 src/ASF/thirdparty/fatfs/fatfs-r0.09/src/ff.o
 .text.f_mount  0x00009b60       0x58 src/ASF/thirdparty/fatfs/fatfs-r0.09/src/ff.o
                0x00009b60                f_mount
 .text.f_open   0x00009bb8      0x530 src/ASF/thirdparty/fatfs/fatfs-r0.09/src/ff.o
                0x00009bb8                f_open
 .text.f_read   0x0000a0e8      0x29c src/ASF/thirdparty/fatfs/fatfs-r0.09/src/ff.o
                0x0000a0e8                f_read
 .text.f_write  0x0000a384      0x350 src/ASF/thirdparty/fatfs/fatfs-r0.09/src/ff.o
                0x0000a384                f_write
 .text.f_sync   0x0000a6d4      0x180 src/ASF/thirdparty/fatfs/fatfs-r0.09/src/ff.o
                0x0000a6d4                f_sync
 .text.f_close  0x0000a854       0x3c src/ASF/thirdparty/fatfs/fatfs-r0.09/src/ff.o
                0x0000a854                f_close
 .text.f_unlink
                0x0000a890      0x260 src/ASF/thirdparty/fatfs/fatfs-r0.09/src/ff.o
                0x0000a890                f_unlink
 .text.f_putc   0x0000aaf0       0x48 src/ASF/thirdparty/fatfs/fatfs-r0.09/src/ff.o
                0x0000aaf0                f_putc
 .text.f_puts   0x0000ab38       0x4c src/ASF/thirdparty/fatfs/fatfs-r0.09/src/ff.o
                0x0000ab38                f_puts
 .text.ff_convert
                0x0000ab84       0xac src/ASF/thirdparty/fatfs/fatfs-r0.09/src/option/ccsbcs.o
                0x0000ab84                ff_convert
 .text.ff_wtoupper
                0x0000ac30       0x60 src/ASF/thirdparty/fatfs/fatfs-r0.09/src/option/ccsbcs.o
                0x0000ac30                ff_wtoupper
 .text.NVIC_SystemReset
                0x0000ac90       0x1c src/BootMain.o
 .text.system_apb_clock_set_mask
                0x0000acac       0x5c src/BootMain.o
 .text.nvm_get_config_defaults
                0x0000ad08       0x3c src/BootMain.o
 .text.system_reset
                0x0000ad44       0x14 src/BootMain.o
 .text.system_interrupt_enable_global
                0x0000ad58       0x1c src/BootMain.o
 .text.dsu_crc32_init
                0x0000ad74       0x18 src/BootMain.o
 .text.nvm_update
                0x0000ad8c      0x284 src/BootMain.o
                0x0000ad8c                nvm_update
 .text.main     0x0000b010      0x2a0 src/BootMain.o
                0x0000b010                main
 .text.StartFilesystemAndTest
                0x0000b2b0      0x2a8 src/BootMain.o
 .text.jumpToApplication
                0x0000b558       0x38 src/BootMain.o
 .text.configure_nvm
                0x0000b590       0x2c src/BootMain.o
 .text          0x0000b5bc      0x114 c:/program files (x86)/atmel/studio/7.0/toolchain/arm/arm-gnu-toolchain/bin/../lib/gcc/arm-none-eabi/6.3.1/thumb/v6-m\libgcc.a(_udivsi3.o)
                0x0000b5bc                __aeabi_uidiv
                0x0000b5bc                __udivsi3
                0x0000b6c8                __aeabi_uidivmod
 .text          0x0000b6d0      0x1d4 c:/program files (x86)/atmel/studio/7.0/toolchain/arm/arm-gnu-toolchain/bin/../lib/gcc/arm-none-eabi/6.3.1/thumb/v6-m\libgcc.a(_divsi3.o)
                0x0000b6d0                __divsi3
                0x0000b6d0                __aeabi_idiv
                0x0000b89c                __aeabi_idivmod
 .text          0x0000b8a4        0x4 c:/program files (x86)/atmel/studio/7.0/toolchain/arm/arm-gnu-toolchain/bin/../lib/gcc/arm-none-eabi/6.3.1/thumb/v6-m\libgcc.a(_dvmd_tls.o)
                0x0000b8a4                __aeabi_idiv0
                0x0000b8a4                __aeabi_ldiv0
 .text          0x0000b8a8       0x54 c:/program files (x86)/atmel/studio/7.0/toolchain/arm/arm-gnu-toolchain/bin/../lib/gcc/arm-none-eabi/6.3.1/thumb/v6-m\libgcc.a(_muldi3.o)
                0x0000b8a8                __muldi3
                0x0000b8a8                __aeabi_lmul
 .text.__libc_init_array
                0x0000b8fc       0x48 c:/program files (x86)/atmel/studio/7.0/toolchain/arm/arm-gnu-toolchain/bin/../lib/gcc/arm-none-eabi/6.3.1/../../../../arm-none-eabi/lib/thumb/v6-m\libc_nano.a(lib_a-init.o)
                0x0000b8fc                __libc_init_array
 .text.malloc   0x0000b944       0x14 c:/program files (x86)/atmel/studio/7.0/toolchain/arm/arm-gnu-toolchain/bin/../lib/gcc/arm-none-eabi/6.3.1/../../../../arm-none-eabi/lib/thumb/v6-m\libc_nano.a(lib_a-malloc.o)
                0x0000b944                malloc
 .text.memcpy   0x0000b958       0x12 c:/program files (x86)/atmel/studio/7.0/toolchain/arm/arm-gnu-toolchain/bin/../lib/gcc/arm-none-eabi/6.3.1/../../../../arm-none-eabi/lib/thumb/v6-m\libc_nano.a(lib_a-memcpy-stub.o)
                0x0000b958                memcpy
 .text.memset   0x0000b96a       0x10 c:/program files (x86)/atmel/studio/7.0/toolchain/arm/arm-gnu-toolchain/bin/../lib/gcc/arm-none-eabi/6.3.1/../../../../arm-none-eabi/lib/thumb/v6-m\libc_nano.a(lib_a-memset.o)
                0x0000b96a                memset
 *fill*         0x0000b97a        0x2 
 .text._free_r  0x0000b97c       0x94 c:/program files (x86)/atmel/studio/7.0/toolchain/arm/arm-gnu-toolchain/bin/../lib/gcc/arm-none-eabi/6.3.1/../../../../arm-none-eabi/lib/thumb/v6-m\libc_nano.a(lib_a-nano-freer.o)
                0x0000b97c                _free_r
 .text._malloc_r
                0x0000ba10       0xbc c:/program files (x86)/atmel/studio/7.0/toolchain/arm/arm-gnu-toolchain/bin/../lib/gcc/arm-none-eabi/6.3.1/../../../../arm-none-eabi/lib/thumb/v6-m\libc_nano.a(lib_a-nano-mallocr.o)
                0x0000ba10                _malloc_r
 .text._sbrk_r  0x0000bacc       0x24 c:/program files (x86)/atmel/studio/7.0/toolchain/arm/arm-gnu-toolchain/bin/../lib/gcc/arm-none-eabi/6.3.1/../../../../arm-none-eabi/lib/thumb/v6-m\libc_nano.a(lib_a-sbrkr.o)
                0x0000bacc                _sbrk_r
 .text.setbuf   0x0000baf0       0x12 c:/program files (x86)/atmel/studio/7.0/toolchain/arm/arm-gnu-toolchain/bin/../lib/gcc/arm-none-eabi/6.3.1/../../../../arm-none-eabi/lib/thumb/v6-m\libc_nano.a(lib_a-setbuf.o)
                0x0000baf0                setbuf
 *fill*         0x0000bb02        0x2 
 .text.setvbuf  0x0000bb04      0x158 c:/program files (x86)/atmel/studio/7.0/toolchain/arm/arm-gnu-toolchain/bin/../lib/gcc/arm-none-eabi/6.3.1/../../../../arm-none-eabi/lib/thumb/v6-m\libc_nano.a(lib_a-setvbuf.o)
                0x0000bb04                setvbuf
 .text.snprintf
                0x0000bc5c       0x64 c:/program files (x86)/atmel/studio/7.0/toolchain/arm/arm-gnu-toolchain/bin/../lib/gcc/arm-none-eabi/6.3.1/../../../../arm-none-eabi/lib/thumb/v6-m\libc_nano.a(lib_a-snprintf.o)
                0x0000bc5c                sniprintf
                0x0000bc5c                snprintf
 .text          0x0000bcc0        0xe c:/program files (x86)/atmel/studio/7.0/toolchain/arm/arm-gnu-toolchain/bin/../lib/gcc/arm-none-eabi/6.3.1/../../../../arm-none-eabi/lib/thumb/v6-m\libc_nano.a(lib_a-strlen.o)
                0x0000bcc0                strlen
 *fill*         0x0000bcce        0x2 
 .text.__sflush_r
                0x0000bcd0      0x114 c:/program files (x86)/atmel/studio/7.0/toolchain/arm/arm-gnu-toolchain/bin/../lib/gcc/arm-none-eabi/6.3.1/../../../../arm-none-eabi/lib/thumb/v6-m\libc_nano.a(lib_a-fflush.o)
                0x0000bcd0                __sflush_r
 .text._fflush_r
                0x0000bde4       0x58 c:/program files (x86)/atmel/studio/7.0/toolchain/arm/arm-gnu-toolchain/bin/../lib/gcc/arm-none-eabi/6.3.1/../../../../arm-none-eabi/lib/thumb/v6-m\libc_nano.a(lib_a-fflush.o)
                0x0000bde4                _fflush_r
 .text._cleanup_r
                0x0000be3c       0x10 c:/program files (x86)/atmel/studio/7.0/toolchain/arm/arm-gnu-toolchain/bin/../lib/gcc/arm-none-eabi/6.3.1/../../../../arm-none-eabi/lib/thumb/v6-m\libc_nano.a(lib_a-findfp.o)
                0x0000be3c                _cleanup_r
 .text.std.isra.0
                0x0000be4c       0x48 c:/program files (x86)/atmel/studio/7.0/toolchain/arm/arm-gnu-toolchain/bin/../lib/gcc/arm-none-eabi/6.3.1/../../../../arm-none-eabi/lib/thumb/v6-m\libc_nano.a(lib_a-findfp.o)
 .text.__sfmoreglue
                0x0000be94       0x2c c:/program files (x86)/atmel/studio/7.0/toolchain/arm/arm-gnu-toolchain/bin/../lib/gcc/arm-none-eabi/6.3.1/../../../../arm-none-eabi/lib/thumb/v6-m\libc_nano.a(lib_a-findfp.o)
                0x0000be94                __sfmoreglue
 .text.__sinit  0x0000bec0       0x68 c:/program files (x86)/atmel/studio/7.0/toolchain/arm/arm-gnu-toolchain/bin/../lib/gcc/arm-none-eabi/6.3.1/../../../../arm-none-eabi/lib/thumb/v6-m\libc_nano.a(lib_a-findfp.o)
                0x0000bec0                __sinit
 .text.__sfp    0x0000bf28       0x80 c:/program files (x86)/atmel/studio/7.0/toolchain/arm/arm-gnu-toolchain/bin/../lib/gcc/arm-none-eabi/6.3.1/../../../../arm-none-eabi/lib/thumb/v6-m\libc_nano.a(lib_a-findfp.o)
                0x0000bf28                __sfp
 .text._fwalk_reent
                0x0000bfa8       0x42 c:/program files (x86)/atmel/studio/7.0/toolchain/arm/arm-gnu-toolchain/bin/../lib/gcc/arm-none-eabi/6.3.1/../../../../arm-none-eabi/lib/thumb/v6-m\libc_nano.a(lib_a-fwalk.o)
                0x0000bfa8                _fwalk_reent
 *fill*         0x0000bfea        0x2 
 .text.__swhatbuf_r
                0x0000bfec       0x50 c:/program files (x86)/atmel/studio/7.0/toolchain/arm/arm-gnu-toolchain/bin/../lib/gcc/arm-none-eabi/6.3.1/../../../../arm-none-eabi/lib/thumb/v6-m\libc_nano.a(lib_a-makebuf.o)
                0x0000bfec                __swhatbuf_r
 .text.__malloc_lock
                0x0000c03c        0x2 c:/program files (x86)/atmel/studio/7.0/toolchain/arm/arm-gnu-toolchain/bin/../lib/gcc/arm-none-eabi/6.3.1/../../../../arm-none-eabi/lib/thumb/v6-m\libc_nano.a(lib_a-mlock.o)
                0x0000c03c                __malloc_lock
 .text.__malloc_unlock
                0x0000c03e        0x2 c:/program files (x86)/atmel/studio/7.0/toolchain/arm/arm-gnu-toolchain/bin/../lib/gcc/arm-none-eabi/6.3.1/../../../../arm-none-eabi/lib/thumb/v6-m\libc_nano.a(lib_a-mlock.o)
                0x0000c03e                __malloc_unlock
 .text.__ssputs_r
                0x0000c040       0xc4 c:/program files (x86)/atmel/studio/7.0/toolchain/arm/arm-gnu-toolchain/bin/../lib/gcc/arm-none-eabi/6.3.1/../../../../arm-none-eabi/lib/thumb/v6-m\libc_nano.a(lib_a-nano-svfprintf.o)
                0x0000c040                __ssputs_r
 .text._svfprintf_r
                0x0000c104      0x208 c:/program files (x86)/atmel/studio/7.0/toolchain/arm/arm-gnu-toolchain/bin/../lib/gcc/arm-none-eabi/6.3.1/../../../../arm-none-eabi/lib/thumb/v6-m\libc_nano.a(lib_a-nano-svfprintf.o)
                0x0000c104                _svfiprintf_r
                0x0000c104                _svfprintf_r
 .text._printf_common
                0x0000c30c       0xda c:/program files (x86)/atmel/studio/7.0/toolchain/arm/arm-gnu-toolchain/bin/../lib/gcc/arm-none-eabi/6.3.1/../../../../arm-none-eabi/lib/thumb/v6-m\libc_nano.a(lib_a-nano-vfprintf_i.o)
                0x0000c30c                _printf_common
 *fill*         0x0000c3e6        0x2 
 .text._printf_i
                0x0000c3e8      0x234 c:/program files (x86)/atmel/studio/7.0/toolchain/arm/arm-gnu-toolchain/bin/../lib/gcc/arm-none-eabi/6.3.1/../../../../arm-none-eabi/lib/thumb/v6-m\libc_nano.a(lib_a-nano-vfprintf_i.o)
                0x0000c3e8                _printf_i
 .text.__sread  0x0000c61c       0x28 c:/program files (x86)/atmel/studio/7.0/toolchain/arm/arm-gnu-toolchain/bin/../lib/gcc/arm-none-eabi/6.3.1/../../../../arm-none-eabi/lib/thumb/v6-m\libc_nano.a(lib_a-stdio.o)
                0x0000c61c                __sread
 .text.__swrite
                0x0000c644       0x38 c:/program files (x86)/atmel/studio/7.0/toolchain/arm/arm-gnu-toolchain/bin/../lib/gcc/arm-none-eabi/6.3.1/../../../../arm-none-eabi/lib/thumb/v6-m\libc_nano.a(lib_a-stdio.o)
                0x0000c644                __swrite
 .text.__sseek  0x0000c67c       0x2c c:/program files (x86)/atmel/studio/7.0/toolchain/arm/arm-gnu-toolchain/bin/../lib/gcc/arm-none-eabi/6.3.1/../../../../arm-none-eabi/lib/thumb/v6-m\libc_nano.a(lib_a-stdio.o)
                0x0000c67c                __sseek
 .text.__sclose
                0x0000c6a8        0xc c:/program files (x86)/atmel/studio/7.0/toolchain/arm/arm-gnu-toolchain/bin/../lib/gcc/arm-none-eabi/6.3.1/../../../../arm-none-eabi/lib/thumb/v6-m\libc_nano.a(lib_a-stdio.o)
                0x0000c6a8                __sclose
 .text._write_r
                0x0000c6b4       0x28 c:/program files (x86)/atmel/studio/7.0/toolchain/arm/arm-gnu-toolchain/bin/../lib/gcc/arm-none-eabi/6.3.1/../../../../arm-none-eabi/lib/thumb/v6-m\libc_nano.a(lib_a-writer.o)
                0x0000c6b4                _write_r
 .text._close_r
                0x0000c6dc       0x24 c:/program files (x86)/atmel/studio/7.0/toolchain/arm/arm-gnu-toolchain/bin/../lib/gcc/arm-none-eabi/6.3.1/../../../../arm-none-eabi/lib/thumb/v6-m\libc_nano.a(lib_a-closer.o)
                0x0000c6dc                _close_r
 .text._fstat_r
                0x0000c700       0x24 c:/program files (x86)/atmel/studio/7.0/toolchain/arm/arm-gnu-toolchain/bin/../lib/gcc/arm-none-eabi/6.3.1/../../../../arm-none-eabi/lib/thumb/v6-m\libc_nano.a(lib_a-fstatr.o)
                0x0000c700                _fstat_r
 .text._lseek_r
                0x0000c724       0x28 c:/program files (x86)/atmel/studio/7.0/toolchain/arm/arm-gnu-toolchain/bin/../lib/gcc/arm-none-eabi/6.3.1/../../../../arm-none-eabi/lib/thumb/v6-m\libc_nano.a(lib_a-lseekr.o)
                0x0000c724                _lseek_r
 .text.memchr   0x0000c74c       0x16 c:/program files (x86)/atmel/studio/7.0/toolchain/arm/arm-gnu-toolchain/bin/../lib/gcc/arm-none-eabi/6.3.1/../../../../arm-none-eabi/lib/thumb/v6-m\libc_nano.a(lib_a-memchr-stub.o)
                0x0000c74c                memchr
 .text.memmove  0x0000c762       0x24 c:/program files (x86)/atmel/studio/7.0/toolchain/arm/arm-gnu-toolchain/bin/../lib/gcc/arm-none-eabi/6.3.1/../../../../arm-none-eabi/lib/thumb/v6-m\libc_nano.a(lib_a-memmove.o)
                0x0000c762                memmove
 .text._realloc_r
                0x0000c786       0x4c c:/program files (x86)/atmel/studio/7.0/toolchain/arm/arm-gnu-toolchain/bin/../lib/gcc/arm-none-eabi/6.3.1/../../../../arm-none-eabi/lib/thumb/v6-m\libc_nano.a(lib_a-nano-reallocr.o)
                0x0000c786                _realloc_r
 *fill*         0x0000c7d2        0x2 
 .text._read_r  0x0000c7d4       0x28 c:/program files (x86)/atmel/studio/7.0/toolchain/arm/arm-gnu-toolchain/bin/../lib/gcc/arm-none-eabi/6.3.1/../../../../arm-none-eabi/lib/thumb/v6-m\libc_nano.a(lib_a-readr.o)
                0x0000c7d4                _read_r
 .text._malloc_usable_size_r
                0x0000c7fc       0x10 c:/program files (x86)/atmel/studio/7.0/toolchain/arm/arm-gnu-toolchain/bin/../lib/gcc/arm-none-eabi/6.3.1/../../../../arm-none-eabi/lib/thumb/v6-m\libc_nano.a(lib_a-nano-msizer.o)
                0x0000c7fc                _malloc_usable_size_r
 *(.glue_7t)
 .glue_7t       0x0000c80c        0x0 linker stubs
 *(.glue_7)
 .glue_7        0x0000c80c        0x0 linker stubs
 *(.rodata .rodata* .gnu.linkonce.r.*)
 .rodata.nvm_execute_command
                0x0000c80c      0x118 src/ASF/sam0/drivers/nvm/nvm.o
 .rodata.sd_mmc_trans_units
                0x0000c924       0x1c src/ASF/common2/components/memory/sd_mmc/sd_mmc.o
                0x0000c924                sd_mmc_trans_units
 .rodata.sd_trans_multipliers
                0x0000c940       0x40 src/ASF/common2/components/memory/sd_mmc/sd_mmc.o
                0x0000c940                sd_trans_multipliers
 .rodata.mmc_trans_multipliers
                0x0000c980       0x40 src/ASF/common2/components/memory/sd_mmc/sd_mmc.o
                0x0000c980                mmc_trans_multipliers
 .rodata        0x0000c9c0       0x15 src/ASF/common/services/storage/ctrl_access/ctrl_access.o
 *fill*         0x0000c9d5        0x3 
 .rodata.lun_desc
                0x0000c9d8       0x20 src/ASF/common/services/storage/ctrl_access/ctrl_access.o
 .rodata        0x0000c9f8       0x18 src/ASF/sam0/drivers/sercom/sercom.o
 .rodata        0x0000ca10        0x6 src/ASF/sam0/drivers/sercom/sercom_interrupt.o
 *fill*         0x0000ca16        0x2 
 .rodata.system_clock_source_get_hz
                0x0000ca18       0x24 src/ASF/sam0/drivers/system/clock/clock_samd21_r21_da_ha1/clock.o
 .rodata.system_clock_source_enable
                0x0000ca3c       0x24 src/ASF/sam0/drivers/system/clock/clock_samd21_r21_da_ha1/clock.o
 .rodata.system_clock_source_is_ready
                0x0000ca60       0x24 src/ASF/sam0/drivers/system/clock/clock_samd21_r21_da_ha1/clock.o
 .rodata.LfnOfs
                0x0000ca84        0xd src/ASF/thirdparty/fatfs/fatfs-r0.09/src/ff.o
 *fill*         0x0000ca91        0x3 
 .rodata        0x0000ca94       0x48 src/ASF/thirdparty/fatfs/fatfs-r0.09/src/ff.o
 .rodata.excvt.4558
                0x0000cadc       0x80 src/ASF/thirdparty/fatfs/fatfs-r0.09/src/ff.o
 .rodata.Tbl    0x0000cb5c      0x100 src/ASF/thirdparty/fatfs/fatfs-r0.09/src/option/ccsbcs.o
 .rodata.tbl_lower.4308
                0x0000cc5c      0x1e0 src/ASF/thirdparty/fatfs/fatfs-r0.09/src/option/ccsbcs.o
 .rodata.tbl_upper.4309
                0x0000ce3c      0x1e0 src/ASF/thirdparty/fatfs/fatfs-r0.09/src/option/ccsbcs.o
 .rodata        0x0000d01c      0x398 src/BootMain.o
 .rodata._global_impure_ptr
                0x0000d3b4        0x4 c:/program files (x86)/atmel/studio/7.0/toolchain/arm/arm-gnu-toolchain/bin/../lib/gcc/arm-none-eabi/6.3.1/../../../../arm-none-eabi/lib/thumb/v6-m\libc_nano.a(lib_a-impure.o)
                0x0000d3b4                _global_impure_ptr
 .rodata.__sf_fake_stderr
                0x0000d3b8       0x20 c:/program files (x86)/atmel/studio/7.0/toolchain/arm/arm-gnu-toolchain/bin/../lib/gcc/arm-none-eabi/6.3.1/../../../../arm-none-eabi/lib/thumb/v6-m\libc_nano.a(lib_a-findfp.o)
                0x0000d3b8                __sf_fake_stderr
 .rodata.__sf_fake_stdin
                0x0000d3d8       0x20 c:/program files (x86)/atmel/studio/7.0/toolchain/arm/arm-gnu-toolchain/bin/../lib/gcc/arm-none-eabi/6.3.1/../../../../arm-none-eabi/lib/thumb/v6-m\libc_nano.a(lib_a-findfp.o)
                0x0000d3d8                __sf_fake_stdin
 .rodata.__sf_fake_stdout
                0x0000d3f8       0x20 c:/program files (x86)/atmel/studio/7.0/toolchain/arm/arm-gnu-toolchain/bin/../lib/gcc/arm-none-eabi/6.3.1/../../../../arm-none-eabi/lib/thumb/v6-m\libc_nano.a(lib_a-findfp.o)
                0x0000d3f8                __sf_fake_stdout
 .rodata._svfprintf_r.str1.1
                0x0000d418       0x11 c:/program files (x86)/atmel/studio/7.0/toolchain/arm/arm-gnu-toolchain/bin/../lib/gcc/arm-none-eabi/6.3.1/../../../../arm-none-eabi/lib/thumb/v6-m\libc_nano.a(lib_a-nano-svfprintf.o)
 .rodata._printf_i.str1.1
                0x0000d429       0x22 c:/program files (x86)/atmel/studio/7.0/toolchain/arm/arm-gnu-toolchain/bin/../lib/gcc/arm-none-eabi/6.3.1/../../../../arm-none-eabi/lib/thumb/v6-m\libc_nano.a(lib_a-nano-vfprintf_i.o)
 *(.ARM.extab* .gnu.linkonce.armextab.*)
                0x0000d44c                . = ALIGN (0x4)
 *fill*         0x0000d44b        0x1 
 *(.init)
 .init          0x0000d44c        0x4 c:/program files (x86)/atmel/studio/7.0/toolchain/arm/arm-gnu-toolchain/bin/../lib/gcc/arm-none-eabi/6.3.1/thumb/v6-m/crti.o
                0x0000d44c                _init
 .init          0x0000d450        0x8 c:/program files (x86)/atmel/studio/7.0/toolchain/arm/arm-gnu-toolchain/bin/../lib/gcc/arm-none-eabi/6.3.1/thumb/v6-m/crtn.o
                0x0000d458                . = ALIGN (0x4)
                0x0000d458                __preinit_array_start = .
 *(.preinit_array)
                0x0000d458                __preinit_array_end = .
                0x0000d458                . = ALIGN (0x4)
                0x0000d458                __init_array_start = .
 *(SORT(.init_array.*))
 *(.init_array)
 .init_array    0x0000d458        0x4 c:/program files (x86)/atmel/studio/7.0/toolchain/arm/arm-gnu-toolchain/bin/../lib/gcc/arm-none-eabi/6.3.1/thumb/v6-m/crtbegin.o
                0x0000d45c                __init_array_end = .
                0x0000d45c                . = ALIGN (0x4)
 *crtbegin.o(.ctors)
 *(EXCLUDE_FILE(*crtend.o) .ctors)
 *(SORT(.ctors.*))
 *crtend.o(.ctors)
                0x0000d45c                . = ALIGN (0x4)
 *(.fini)
 .fini          0x0000d45c        0x4 c:/program files (x86)/atmel/studio/7.0/toolchain/arm/arm-gnu-toolchain/bin/../lib/gcc/arm-none-eabi/6.3.1/thumb/v6-m/crti.o
                0x0000d45c                _fini
 .fini          0x0000d460        0x8 c:/program files (x86)/atmel/studio/7.0/toolchain/arm/arm-gnu-toolchain/bin/../lib/gcc/arm-none-eabi/6.3.1/thumb/v6-m/crtn.o
                0x0000d468                . = ALIGN (0x4)
                0x0000d468                __fini_array_start = .
 *(.fini_array)
 .fini_array    0x0000d468        0x4 c:/program files (x86)/atmel/studio/7.0/toolchain/arm/arm-gnu-toolchain/bin/../lib/gcc/arm-none-eabi/6.3.1/thumb/v6-m/crtbegin.o
 *(SORT(.fini_array.*))
                0x0000d46c                __fini_array_end = .
 *crtbegin.o(.dtors)
 *(EXCLUDE_FILE(*crtend.o) .dtors)
 *(SORT(.dtors.*))
 *crtend.o(.dtors)
                0x0000d46c                . = ALIGN (0x4)
                0x0000d46c                _efixed = .
                [!provide]                PROVIDE (__exidx_start, .)

.vfp11_veneer   0x0000d46c        0x0
 .vfp11_veneer  0x0000d46c        0x0 linker stubs

.v4_bx          0x0000d46c        0x0
 .v4_bx         0x0000d46c        0x0 linker stubs

.iplt           0x0000d46c        0x0
 .iplt          0x0000d46c        0x0 c:/program files (x86)/atmel/studio/7.0/toolchain/arm/arm-gnu-toolchain/bin/../lib/gcc/arm-none-eabi/6.3.1/thumb/v6-m/crtbegin.o

.eh_frame       0x0000d46c        0x0
 .eh_frame      0x0000d46c        0x0 c:/program files (x86)/atmel/studio/7.0/toolchain/arm/arm-gnu-toolchain/bin/../lib/gcc/arm-none-eabi/6.3.1/thumb/v6-m/crtbegin.o

.rel.dyn        0x0000d46c        0x0
 .rel.iplt      0x0000d46c        0x0 c:/program files (x86)/atmel/studio/7.0/toolchain/arm/arm-gnu-toolchain/bin/../lib/gcc/arm-none-eabi/6.3.1/thumb/v6-m/crtbegin.o

.jcr            0x0000d46c        0x0
 .jcr           0x0000d46c        0x0 c:/program files (x86)/atmel/studio/7.0/toolchain/arm/arm-gnu-toolchain/bin/../lib/gcc/arm-none-eabi/6.3.1/thumb/v6-m/crtbegin.o

.igot.plt       0x0000d46c        0x0
 .igot.plt      0x0000d46c        0x0 c:/program files (x86)/atmel/studio/7.0/toolchain/arm/arm-gnu-toolchain/bin/../lib/gcc/arm-none-eabi/6.3.1/thumb/v6-m/crtbegin.o

.ARM.exidx
 *(.ARM.exidx* .gnu.linkonce.armexidx.*)
                [!provide]                PROVIDE (__exidx_end, .)
                0x0000d46c                . = ALIGN (0x4)
                0x0000d46c                _etext = .

.relocate       0x20000000       0xbc load address 0x0000d46c
                0x20000000                . = ALIGN (0x4)
                0x20000000                _srelocate = .
 *(.ramfunc .ramfunc.*)
 *(.data .data.*)
 .data.cycles_per_ms
                0x20000000        0x4 src/ASF/common2/services/delay/sam0/systick_counter.o
 .data.cycles_per_us
                0x20000004        0x4 src/ASF/common2/services/delay/sam0/systick_counter.o
 .data.ss_pins  0x20000008        0x1 src/ASF/common2/components/memory/sd_mmc/sd_mmc_spi.o
                0x20000008                ss_pins
 .data.g_interrupt_enabled
                0x20000009        0x1 src/ASF/common/utils/interrupt/interrupt_sam_nvic.o
                0x20000009                g_interrupt_enabled
 *fill*         0x2000000a        0x2 
 .data.test_file_name
                0x2000000c       0x12 src/BootMain.o
                0x2000000c                test_file_name
 *fill*         0x2000001e        0x2 
 .data.test_bin_file
                0x20000020       0x10 src/BootMain.o
                0x20000020                test_bin_file
 .data.testA_file_name
                0x20000030        0xc src/BootMain.o
                0x20000030                testA_file_name
 .data.boot_file_name
                0x2000003c       0x10 src/BootMain.o
                0x2000003c                boot_file_name
 .data.boot_bin_file
                0x2000004c        0xc src/BootMain.o
                0x2000004c                boot_bin_file
 .data._impure_ptr
                0x20000058        0x4 c:/program files (x86)/atmel/studio/7.0/toolchain/arm/arm-gnu-toolchain/bin/../lib/gcc/arm-none-eabi/6.3.1/../../../../arm-none-eabi/lib/thumb/v6-m\libc_nano.a(lib_a-impure.o)
                0x20000058                _impure_ptr
 .data.impure_data
                0x2000005c       0x60 c:/program files (x86)/atmel/studio/7.0/toolchain/arm/arm-gnu-toolchain/bin/../lib/gcc/arm-none-eabi/6.3.1/../../../../arm-none-eabi/lib/thumb/v6-m\libc_nano.a(lib_a-impure.o)
                0x200000bc                . = ALIGN (0x4)
                0x200000bc                _erelocate = .

.bss            0x200000bc      0xc74 load address 0x0000d528
                0x200000bc                . = ALIGN (0x4)
                0x200000bc                _sbss = .
                0x200000bc                _szero = .
 *(.bss .bss.*)
 .bss           0x200000bc       0x1c c:/program files (x86)/atmel/studio/7.0/toolchain/arm/arm-gnu-toolchain/bin/../lib/gcc/arm-none-eabi/6.3.1/thumb/v6-m/crtbegin.o
 .bss.ul_tickcount
                0x200000d8        0x4 src/Systick/Systick.o
 .bss._nvm_dev  0x200000dc        0x6 src/ASF/sam0/drivers/nvm/nvm.o
 *fill*         0x200000e2        0x2 
 .bss.sd_mmc_cards
                0x200000e4       0x20 src/ASF/common2/components/memory/sd_mmc/sd_mmc.o
 .bss.sd_mmc_slot_sel
                0x20000104        0x1 src/ASF/common2/components/memory/sd_mmc/sd_mmc.o
 *fill*         0x20000105        0x3 
 .bss.sd_mmc_card
                0x20000108        0x4 src/ASF/common2/components/memory/sd_mmc/sd_mmc.o
 .bss.sd_mmc_nb_block_to_tranfer
                0x2000010c        0x2 src/ASF/common2/components/memory/sd_mmc/sd_mmc.o
 .bss.sd_mmc_nb_block_remaining
                0x2000010e        0x2 src/ASF/common2/components/memory/sd_mmc/sd_mmc.o
 .bss.sd_mmc_ejected
                0x20000110        0x2 src/ASF/common2/components/memory/sd_mmc/sd_mmc_mem.o
 *fill*         0x20000112        0x2 
 .bss.sd_mmc_master
                0x20000114       0x3c src/ASF/common2/components/memory/sd_mmc/sd_mmc_spi.o
 .bss.sd_mmc_spi_devices
                0x20000150        0x3 src/ASF/common2/components/memory/sd_mmc/sd_mmc_spi.o
 *fill*         0x20000153        0x1 
 .bss.slave_configs
                0x20000154        0x3 src/ASF/common2/components/memory/sd_mmc/sd_mmc_spi.o
 .bss.sd_mmc_spi_err
                0x20000157        0x1 src/ASF/common2/components/memory/sd_mmc/sd_mmc_spi.o
 .bss.sd_mmc_spi_response_32
                0x20000158        0x4 src/ASF/common2/components/memory/sd_mmc/sd_mmc_spi.o
 .bss.sd_mmc_spi_transfert_pos
                0x2000015c        0x4 src/ASF/common2/components/memory/sd_mmc/sd_mmc_spi.o
 .bss.sd_mmc_spi_block_size
                0x20000160        0x2 src/ASF/common2/components/memory/sd_mmc/sd_mmc_spi.o
 .bss.sd_mmc_spi_nb_block
                0x20000162        0x2 src/ASF/common2/components/memory/sd_mmc/sd_mmc_spi.o
 .bss.cpu_irq_critical_section_counter
                0x20000164        0x4 src/ASF/common/utils/interrupt/interrupt_sam_nvic.o
 .bss.cpu_irq_prev_interrupt_state
                0x20000168        0x1 src/ASF/common/utils/interrupt/interrupt_sam_nvic.o
 *fill*         0x20000169        0x3 
 .bss._sercom_config
                0x2000016c        0x2 src/ASF/sam0/drivers/sercom/sercom.o
 .bss._handler_table_initialized
                0x2000016e        0x1 src/ASF/sam0/drivers/sercom/sercom_interrupt.o
 *fill*         0x2000016f        0x1 
 .bss._sercom_interrupt_handlers
                0x20000170       0x18 src/ASF/sam0/drivers/sercom/sercom_interrupt.o
 .bss._system_clock_inst
                0x20000188       0x18 src/ASF/sam0/drivers/system/clock/clock_samd21_r21_da_ha1/clock.o
 .bss.heap.5296
                0x200001a0        0x4 src/ASF/sam0/utils/syscalls/gcc/syscalls.o
 .bss.FatFs     0x200001a4        0x4 src/ASF/thirdparty/fatfs/fatfs-r0.09/src/ff.o
 .bss.Fsid      0x200001a8        0x2 src/ASF/thirdparty/fatfs/fatfs-r0.09/src/ff.o
 *fill*         0x200001aa        0x2 
 .bss.__malloc_free_list
                0x200001ac        0x4 c:/program files (x86)/atmel/studio/7.0/toolchain/arm/arm-gnu-toolchain/bin/../lib/gcc/arm-none-eabi/6.3.1/../../../../arm-none-eabi/lib/thumb/v6-m\libc_nano.a(lib_a-nano-mallocr.o)
                0x200001ac                __malloc_free_list
 .bss.__malloc_sbrk_start
                0x200001b0        0x4 c:/program files (x86)/atmel/studio/7.0/toolchain/arm/arm-gnu-toolchain/bin/../lib/gcc/arm-none-eabi/6.3.1/../../../../arm-none-eabi/lib/thumb/v6-m\libc_nano.a(lib_a-nano-mallocr.o)
                0x200001b0                __malloc_sbrk_start
 *(COMMON)
 COMMON         0x200001b4      0x844 src/SerialConsole/SerialConsole.o
                0x200001b4                usart_instance
                0x200001e8                cbufRx
                0x200001ec                latestRx
                0x200001f0                txCharacterBuffer
                0x200005f0                rxCharacterBuffer
                0x200009f0                latestTx
                0x200009f4                cbufTx
 COMMON         0x200009f8        0x4 src/ASF/sam0/drivers/rtc/rtc_sam_d_r_h/rtc_calendar.o
                0x200009f8                _rtc_instance
 COMMON         0x200009fc       0x18 src/ASF/sam0/drivers/sercom/sercom_interrupt.o
                0x200009fc                _sercom_instances
 COMMON         0x20000a14        0x2 src/ASF/sam0/drivers/sercom/spi/spi_interrupt.o
                0x20000a14                dummy_write
 *fill*         0x20000a16        0x2 
 COMMON         0x20000a18        0x4 src/ASF/sam0/utils/stdio/read.o
                0x20000a18                ptr_get
 COMMON         0x20000a1c        0x8 src/ASF/sam0/utils/stdio/write.o
                0x20000a1c                ptr_put
                0x20000a20                stdio_base
 COMMON         0x20000a24        0x8 src/ASF/thirdparty/fatfs/fatfs-port-r0.09/diskio.o
                0x20000a24                rtc_instance
 COMMON         0x20000a2c      0x2fd src/BootMain.o
                0x20000a2c                fs
                0x20000c5c                file_object
                0x20000c80                file_object_boot
                0x20000ca4                cdc_uart_module
                0x20000cd8                resB
                0x20000cdc                file_object_B
                0x20000d00                resA
                0x20000d01                boot_res
                0x20000d02                res
                0x20000d04                file_object_A
                0x20000d28                status
 *fill*         0x20000d29        0x3 
 COMMON         0x20000d2c        0x4 c:/program files (x86)/atmel/studio/7.0/toolchain/arm/arm-gnu-toolchain/bin/../lib/gcc/arm-none-eabi/6.3.1/../../../../arm-none-eabi/lib/thumb/v6-m\libc_nano.a(lib_a-reent.o)
                0x20000d2c                errno
                0x20000d30                . = ALIGN (0x4)
                0x20000d30                _ebss = .
                0x20000d30                _ezero = .

.stack          0x20000d30     0x2000 load address 0x0000e19c
                0x20000d30                . = ALIGN (0x8)
                0x20000d30                _sstack = .
                0x20002d30                . = (. + STACK_SIZE)
 *fill*         0x20000d30     0x2000 
                0x20002d30                . = ALIGN (0x8)
                0x20002d30                _estack = .
                0x20002d30                . = ALIGN (0x4)
                0x20002d30                _end = .
OUTPUT(Bootloader.elf elf32-littlearm)

.ARM.attributes
                0x00000000       0x28
 .ARM.attributes
                0x00000000       0x1e c:/program files (x86)/atmel/studio/7.0/toolchain/arm/arm-gnu-toolchain/bin/../lib/gcc/arm-none-eabi/6.3.1/thumb/v6-m/crti.o
 .ARM.attributes
                0x0000001e       0x2c c:/program files (x86)/atmel/studio/7.0/toolchain/arm/arm-gnu-toolchain/bin/../lib/gcc/arm-none-eabi/6.3.1/thumb/v6-m/crtbegin.o
 .ARM.attributes
                0x0000004a       0x32 src/ASF/common2/services/delay/sam0/systick_counter.o
 .ARM.attributes
                0x0000007c       0x32 src/Systick/Systick.o
 .ARM.attributes
                0x000000ae       0x32 src/ASF/sam0/boards/board_init.o
 .ARM.attributes
                0x000000e0       0x32 src/ASF/sam0/drivers/dsu/crc32/crc32.o
 .ARM.attributes
                0x00000112       0x32 src/ASF/sam0/drivers/nvm/nvm.o
 .ARM.attributes
                0x00000144       0x32 src/ASF/sam0/drivers/pac/pac_sam_d_r_h/pac.o
 .ARM.attributes
                0x00000176       0x32 src/SD Card/SdCard.o
 .ARM.attributes
                0x000001a8       0x32 src/SerialConsole/circular_buffer.o
 .ARM.attributes
                0x000001da       0x32 src/SerialConsole/SerialConsole.o
 .ARM.attributes
                0x0000020c       0x32 src/ASF/common2/components/memory/sd_mmc/sd_mmc.o
 .ARM.attributes
                0x0000023e       0x32 src/ASF/common2/components/memory/sd_mmc/sd_mmc_mem.o
 .ARM.attributes
                0x00000270       0x32 src/ASF/common2/components/memory/sd_mmc/sd_mmc_spi.o
 .ARM.attributes
                0x000002a2       0x32 src/ASF/common/services/storage/ctrl_access/ctrl_access.o
 .ARM.attributes
                0x000002d4       0x32 src/ASF/common/utils/interrupt/interrupt_sam_nvic.o
 .ARM.attributes
                0x00000306       0x32 src/ASF/sam0/drivers/port/port.o
 .ARM.attributes
                0x00000338       0x32 src/ASF/sam0/drivers/rtc/rtc_sam_d_r_h/rtc_calendar.o
 .ARM.attributes
                0x0000036a       0x32 src/ASF/sam0/drivers/sercom/sercom.o
 .ARM.attributes
                0x0000039c       0x32 src/ASF/sam0/drivers/sercom/sercom_interrupt.o
 .ARM.attributes
                0x000003ce       0x32 src/ASF/sam0/drivers/sercom/spi/spi.o
 .ARM.attributes
                0x00000400       0x32 src/ASF/sam0/drivers/sercom/spi/spi_interrupt.o
 .ARM.attributes
                0x00000432       0x32 src/ASF/sam0/drivers/sercom/usart/usart.o
 .ARM.attributes
                0x00000464       0x32 src/ASF/sam0/drivers/sercom/usart/usart_interrupt.o
 .ARM.attributes
                0x00000496       0x32 src/ASF/sam0/drivers/system/clock/clock_samd21_r21_da_ha1/clock.o
 .ARM.attributes
                0x000004c8       0x32 src/ASF/sam0/drivers/system/clock/clock_samd21_r21_da_ha1/gclk.o
 .ARM.attributes
                0x000004fa       0x32 src/ASF/sam0/drivers/system/pinmux/pinmux.o
 .ARM.attributes
                0x0000052c       0x32 src/ASF/sam0/drivers/system/system.o
 .ARM.attributes
                0x0000055e       0x32 src/ASF/sam0/utils/cmsis/samd21/source/gcc/startup_samd21.o
 .ARM.attributes
                0x00000590       0x32 src/ASF/sam0/utils/stdio/read.o
 .ARM.attributes
                0x000005c2       0x32 src/ASF/sam0/utils/stdio/write.o
 .ARM.attributes
                0x000005f4       0x32 src/ASF/sam0/utils/syscalls/gcc/syscalls.o
 .ARM.attributes
                0x00000626       0x32 src/ASF/thirdparty/fatfs/fatfs-port-r0.09/diskio.o
 .ARM.attributes
                0x00000658       0x32 src/ASF/thirdparty/fatfs/fatfs-port-r0.09/sam0/fattime_rtc.o
 .ARM.attributes
                0x0000068a       0x32 src/ASF/thirdparty/fatfs/fatfs-r0.09/src/ff.o
 .ARM.attributes
                0x000006bc       0x32 src/ASF/thirdparty/fatfs/fatfs-r0.09/src/option/ccsbcs.o
 .ARM.attributes
                0x000006ee       0x32 src/BootMain.o
 .ARM.attributes
                0x00000720       0x1e c:/program files (x86)/atmel/studio/7.0/toolchain/arm/arm-gnu-toolchain/bin/../lib/gcc/arm-none-eabi/6.3.1/thumb/v6-m\libgcc.a(_udivsi3.o)
 .ARM.attributes
                0x0000073e       0x1e c:/program files (x86)/atmel/studio/7.0/toolchain/arm/arm-gnu-toolchain/bin/../lib/gcc/arm-none-eabi/6.3.1/thumb/v6-m\libgcc.a(_divsi3.o)
 .ARM.attributes
                0x0000075c       0x1e c:/program files (x86)/atmel/studio/7.0/toolchain/arm/arm-gnu-toolchain/bin/../lib/gcc/arm-none-eabi/6.3.1/thumb/v6-m\libgcc.a(_dvmd_tls.o)
 .ARM.attributes
                0x0000077a       0x2c c:/program files (x86)/atmel/studio/7.0/toolchain/arm/arm-gnu-toolchain/bin/../lib/gcc/arm-none-eabi/6.3.1/thumb/v6-m\libgcc.a(_muldi3.o)
 .ARM.attributes
                0x000007a6       0x2c c:/program files (x86)/atmel/studio/7.0/toolchain/arm/arm-gnu-toolchain/bin/../lib/gcc/arm-none-eabi/6.3.1/../../../../arm-none-eabi/lib/thumb/v6-m\libc_nano.a(lib_a-impure.o)
 .ARM.attributes
                0x000007d2       0x2c c:/program files (x86)/atmel/studio/7.0/toolchain/arm/arm-gnu-toolchain/bin/../lib/gcc/arm-none-eabi/6.3.1/../../../../arm-none-eabi/lib/thumb/v6-m\libc_nano.a(lib_a-init.o)
 .ARM.attributes
                0x000007fe       0x2c c:/program files (x86)/atmel/studio/7.0/toolchain/arm/arm-gnu-toolchain/bin/../lib/gcc/arm-none-eabi/6.3.1/../../../../arm-none-eabi/lib/thumb/v6-m\libc_nano.a(lib_a-malloc.o)
 .ARM.attributes
                0x0000082a       0x2c c:/program files (x86)/atmel/studio/7.0/toolchain/arm/arm-gnu-toolchain/bin/../lib/gcc/arm-none-eabi/6.3.1/../../../../arm-none-eabi/lib/thumb/v6-m\libc_nano.a(lib_a-memcpy-stub.o)
 .ARM.attributes
                0x00000856       0x2c c:/program files (x86)/atmel/studio/7.0/toolchain/arm/arm-gnu-toolchain/bin/../lib/gcc/arm-none-eabi/6.3.1/../../../../arm-none-eabi/lib/thumb/v6-m\libc_nano.a(lib_a-memset.o)
 .ARM.attributes
                0x00000882       0x2c c:/program files (x86)/atmel/studio/7.0/toolchain/arm/arm-gnu-toolchain/bin/../lib/gcc/arm-none-eabi/6.3.1/../../../../arm-none-eabi/lib/thumb/v6-m\libc_nano.a(lib_a-nano-freer.o)
 .ARM.attributes
                0x000008ae       0x2c c:/program files (x86)/atmel/studio/7.0/toolchain/arm/arm-gnu-toolchain/bin/../lib/gcc/arm-none-eabi/6.3.1/../../../../arm-none-eabi/lib/thumb/v6-m\libc_nano.a(lib_a-nano-mallocr.o)
 .ARM.attributes
                0x000008da       0x2c c:/program files (x86)/atmel/studio/7.0/toolchain/arm/arm-gnu-toolchain/bin/../lib/gcc/arm-none-eabi/6.3.1/../../../../arm-none-eabi/lib/thumb/v6-m\libc_nano.a(lib_a-sbrkr.o)
 .ARM.attributes
                0x00000906       0x2c c:/program files (x86)/atmel/studio/7.0/toolchain/arm/arm-gnu-toolchain/bin/../lib/gcc/arm-none-eabi/6.3.1/../../../../arm-none-eabi/lib/thumb/v6-m\libc_nano.a(lib_a-setbuf.o)
 .ARM.attributes
                0x00000932       0x2c c:/program files (x86)/atmel/studio/7.0/toolchain/arm/arm-gnu-toolchain/bin/../lib/gcc/arm-none-eabi/6.3.1/../../../../arm-none-eabi/lib/thumb/v6-m\libc_nano.a(lib_a-setvbuf.o)
 .ARM.attributes
                0x0000095e       0x2c c:/program files (x86)/atmel/studio/7.0/toolchain/arm/arm-gnu-toolchain/bin/../lib/gcc/arm-none-eabi/6.3.1/../../../../arm-none-eabi/lib/thumb/v6-m\libc_nano.a(lib_a-snprintf.o)
 .ARM.attributes
                0x0000098a       0x1c c:/program files (x86)/atmel/studio/7.0/toolchain/arm/arm-gnu-toolchain/bin/../lib/gcc/arm-none-eabi/6.3.1/../../../../arm-none-eabi/lib/thumb/v6-m\libc_nano.a(lib_a-strlen.o)
 .ARM.attributes
                0x000009a6       0x2c c:/program files (x86)/atmel/studio/7.0/toolchain/arm/arm-gnu-toolchain/bin/../lib/gcc/arm-none-eabi/6.3.1/../../../../arm-none-eabi/lib/thumb/v6-m\libc_nano.a(lib_a-fflush.o)
 .ARM.attributes
                0x000009d2       0x2c c:/program files (x86)/atmel/studio/7.0/toolchain/arm/arm-gnu-toolchain/bin/../lib/gcc/arm-none-eabi/6.3.1/../../../../arm-none-eabi/lib/thumb/v6-m\libc_nano.a(lib_a-findfp.o)
 .ARM.attributes
                0x000009fe       0x2c c:/program files (x86)/atmel/studio/7.0/toolchain/arm/arm-gnu-toolchain/bin/../lib/gcc/arm-none-eabi/6.3.1/../../../../arm-none-eabi/lib/thumb/v6-m\libc_nano.a(lib_a-fwalk.o)
 .ARM.attributes
                0x00000a2a       0x2c c:/program files (x86)/atmel/studio/7.0/toolchain/arm/arm-gnu-toolchain/bin/../lib/gcc/arm-none-eabi/6.3.1/../../../../arm-none-eabi/lib/thumb/v6-m\libc_nano.a(lib_a-makebuf.o)
 .ARM.attributes
                0x00000a56       0x2c c:/program files (x86)/atmel/studio/7.0/toolchain/arm/arm-gnu-toolchain/bin/../lib/gcc/arm-none-eabi/6.3.1/../../../../arm-none-eabi/lib/thumb/v6-m\libc_nano.a(lib_a-mlock.o)
 .ARM.attributes
                0x00000a82       0x2c c:/program files (x86)/atmel/studio/7.0/toolchain/arm/arm-gnu-toolchain/bin/../lib/gcc/arm-none-eabi/6.3.1/../../../../arm-none-eabi/lib/thumb/v6-m\libc_nano.a(lib_a-nano-svfprintf.o)
 .ARM.attributes
                0x00000aae       0x2c c:/program files (x86)/atmel/studio/7.0/toolchain/arm/arm-gnu-toolchain/bin/../lib/gcc/arm-none-eabi/6.3.1/../../../../arm-none-eabi/lib/thumb/v6-m\libc_nano.a(lib_a-nano-vfprintf_i.o)
 .ARM.attributes
                0x00000ada       0x2c c:/program files (x86)/atmel/studio/7.0/toolchain/arm/arm-gnu-toolchain/bin/../lib/gcc/arm-none-eabi/6.3.1/../../../../arm-none-eabi/lib/thumb/v6-m\libc_nano.a(lib_a-reent.o)
 .ARM.attributes
                0x00000b06       0x2c c:/program files (x86)/atmel/studio/7.0/toolchain/arm/arm-gnu-toolchain/bin/../lib/gcc/arm-none-eabi/6.3.1/../../../../arm-none-eabi/lib/thumb/v6-m\libc_nano.a(lib_a-stdio.o)
 .ARM.attributes
                0x00000b32       0x2c c:/program files (x86)/atmel/studio/7.0/toolchain/arm/arm-gnu-toolchain/bin/../lib/gcc/arm-none-eabi/6.3.1/../../../../arm-none-eabi/lib/thumb/v6-m\libc_nano.a(lib_a-writer.o)
 .ARM.attributes
                0x00000b5e       0x2c c:/program files (x86)/atmel/studio/7.0/toolchain/arm/arm-gnu-toolchain/bin/../lib/gcc/arm-none-eabi/6.3.1/../../../../arm-none-eabi/lib/thumb/v6-m\libc_nano.a(lib_a-closer.o)
 .ARM.attributes
                0x00000b8a       0x2c c:/program files (x86)/atmel/studio/7.0/toolchain/arm/arm-gnu-toolchain/bin/../lib/gcc/arm-none-eabi/6.3.1/../../../../arm-none-eabi/lib/thumb/v6-m\libc_nano.a(lib_a-fstatr.o)
 .ARM.attributes
                0x00000bb6       0x2c c:/program files (x86)/atmel/studio/7.0/toolchain/arm/arm-gnu-toolchain/bin/../lib/gcc/arm-none-eabi/6.3.1/../../../../arm-none-eabi/lib/thumb/v6-m\libc_nano.a(lib_a-lseekr.o)
 .ARM.attributes
                0x00000be2       0x2c c:/program files (x86)/atmel/studio/7.0/toolchain/arm/arm-gnu-toolchain/bin/../lib/gcc/arm-none-eabi/6.3.1/../../../../arm-none-eabi/lib/thumb/v6-m\libc_nano.a(lib_a-memchr-stub.o)
 .ARM.attributes
                0x00000c0e       0x2c c:/program files (x86)/atmel/studio/7.0/toolchain/arm/arm-gnu-toolchain/bin/../lib/gcc/arm-none-eabi/6.3.1/../../../../arm-none-eabi/lib/thumb/v6-m\libc_nano.a(lib_a-memmove.o)
 .ARM.attributes
                0x00000c3a       0x2c c:/program files (x86)/atmel/studio/7.0/toolchain/arm/arm-gnu-toolchain/bin/../lib/gcc/arm-none-eabi/6.3.1/../../../../arm-none-eabi/lib/thumb/v6-m\libc_nano.a(lib_a-nano-reallocr.o)
 .ARM.attributes
                0x00000c66       0x2c c:/program files (x86)/atmel/studio/7.0/toolchain/arm/arm-gnu-toolchain/bin/../lib/gcc/arm-none-eabi/6.3.1/../../../../arm-none-eabi/lib/thumb/v6-m\libc_nano.a(lib_a-readr.o)
 .ARM.attributes
                0x00000c92       0x2c c:/program files (x86)/atmel/studio/7.0/toolchain/arm/arm-gnu-toolchain/bin/../lib/gcc/arm-none-eabi/6.3.1/../../../../arm-none-eabi/lib/thumb/v6-m\libc_nano.a(lib_a-nano-msizer.o)
 .ARM.attributes
                0x00000cbe       0x1e c:/program files (x86)/atmel/studio/7.0/toolchain/arm/arm-gnu-toolchain/bin/../lib/gcc/arm-none-eabi/6.3.1/thumb/v6-m/crtn.o

.comment        0x00000000       0x59
 .comment       0x00000000       0x59 src/ASF/common2/services/delay/sam0/systick_counter.o
                                 0x5a (size before relaxing)
 .comment       0x00000059       0x5a src/Systick/Systick.o
 .comment       0x00000059       0x5a src/ASF/sam0/boards/board_init.o
 .comment       0x00000059       0x5a src/ASF/sam0/drivers/dsu/crc32/crc32.o
 .comment       0x00000059       0x5a src/ASF/sam0/drivers/nvm/nvm.o
 .comment       0x00000059       0x5a src/ASF/sam0/drivers/pac/pac_sam_d_r_h/pac.o
 .comment       0x00000059       0x5a src/SD Card/SdCard.o
 .comment       0x00000059       0x5a src/SerialConsole/circular_buffer.o
 .comment       0x00000059       0x5a src/SerialConsole/SerialConsole.o
 .comment       0x00000059       0x5a src/ASF/common2/components/memory/sd_mmc/sd_mmc.o
 .comment       0x00000059       0x5a src/ASF/common2/components/memory/sd_mmc/sd_mmc_mem.o
 .comment       0x00000059       0x5a src/ASF/common2/components/memory/sd_mmc/sd_mmc_spi.o
 .comment       0x00000059       0x5a src/ASF/common/services/storage/ctrl_access/ctrl_access.o
 .comment       0x00000059       0x5a src/ASF/common/utils/interrupt/interrupt_sam_nvic.o
 .comment       0x00000059       0x5a src/ASF/sam0/drivers/port/port.o
 .comment       0x00000059       0x5a src/ASF/sam0/drivers/rtc/rtc_sam_d_r_h/rtc_calendar.o
 .comment       0x00000059       0x5a src/ASF/sam0/drivers/sercom/sercom.o
 .comment       0x00000059       0x5a src/ASF/sam0/drivers/sercom/sercom_interrupt.o
 .comment       0x00000059       0x5a src/ASF/sam0/drivers/sercom/spi/spi.o
 .comment       0x00000059       0x5a src/ASF/sam0/drivers/sercom/spi/spi_interrupt.o
 .comment       0x00000059       0x5a src/ASF/sam0/drivers/sercom/usart/usart.o
 .comment       0x00000059       0x5a src/ASF/sam0/drivers/sercom/usart/usart_interrupt.o
 .comment       0x00000059       0x5a src/ASF/sam0/drivers/system/clock/clock_samd21_r21_da_ha1/clock.o
 .comment       0x00000059       0x5a src/ASF/sam0/drivers/system/clock/clock_samd21_r21_da_ha1/gclk.o
 .comment       0x00000059       0x5a src/ASF/sam0/drivers/system/pinmux/pinmux.o
 .comment       0x00000059       0x5a src/ASF/sam0/drivers/system/system.o
 .comment       0x00000059       0x5a src/ASF/sam0/utils/cmsis/samd21/source/gcc/startup_samd21.o
 .comment       0x00000059       0x5a src/ASF/sam0/utils/stdio/read.o
 .comment       0x00000059       0x5a src/ASF/sam0/utils/stdio/write.o
 .comment       0x00000059       0x5a src/ASF/sam0/utils/syscalls/gcc/syscalls.o
 .comment       0x00000059       0x5a src/ASF/thirdparty/fatfs/fatfs-port-r0.09/diskio.o
 .comment       0x00000059       0x5a src/ASF/thirdparty/fatfs/fatfs-port-r0.09/sam0/fattime_rtc.o
 .comment       0x00000059       0x5a src/ASF/thirdparty/fatfs/fatfs-r0.09/src/ff.o
 .comment       0x00000059       0x5a src/ASF/thirdparty/fatfs/fatfs-r0.09/src/option/ccsbcs.o
 .comment       0x00000059       0x5a src/BootMain.o

.debug_info     0x00000000    0x4d92c
 .debug_info    0x00000000      0xb60 src/ASF/common2/services/delay/sam0/systick_counter.o